<html>
<body>
<pre>
<h1>µVision Build Log</h1>
<h2>Tool Versions:</h2>
IDE-Version: µVision V5.28.0.0
Copyright (C) 2019 ARM Ltd and ARM Germany GmbH. All rights reserved.
License Information: julien terrier, stmicroelectronics, LIC=IC945-0HRXZ-SKTFG-TXMQQ-PS142-VQYLX
 
Tool Versions:
Toolchain:       MDK-ARM Professional  Version: 5.28.0.0
Toolchain Path:  C:\Keil_v5\ARM\ARMCC\Bin
C Compiler:      Armcc.exe V5.06 update 6 (build 750)
Assembler:       Armasm.exe V5.06 update 6 (build 750)
Linker/Locator:  ArmLink.exe V5.06 update 6 (build 750)
Library Manager: ArmAr.exe V5.06 update 6 (build 750)
Hex Converter:   FromElf.exe V5.06 update 6 (build 750)
CPU DLL:         SARMCM3.DLL V5.28.0.0
Dialog DLL:      DARMCM1.DLL V1.19.2.0
Target DLL:      STLink\ST-LINKIII-KEIL_SWO.dll V3.0.6.0
Dialog DLL:      TARMCM1.DLL V1.14.1.0
 
<h2>Project:</h2>
C:\Users\julien terrier\CoolMeal\i-cube-lrwan_V1.1.5\i-cube-lrwan_V1.1.5\STM32CubeExpansion_LRWAN_V1.1.5\Projects\Multi\Applications\LoRa\End_Node_V2.1\MDK-ARM\B-L072Z-LRWAN1\Lora.uvprojx
Project File Date:  05/27/2020

<h2>Output:</h2>
*** Using Compiler 'V5.06 update 6 (build 750)', folder: 'C:\Keil_v5\ARM\ARMCC\Bin'
Rebuild target 'mlm32l07x01'
compiling LPS25HB_Driver_HL.c...
compiling HTS221_Driver_HL.c...
compiling LPS22HB_Driver_HL.c...
compiling HTS221_Driver.c...
compiling LPS22HB_Driver.c...
compiling LPS25HB_Driver.c...
compiling x_nucleo_iks01a2.c...
compiling b-l072z-lrwan1.c...
compiling x_nucleo_iks01a2_humidity.c...
compiling x_nucleo_iks01a2_pressure.c...
compiling x_nucleo_iks01a2_temperature.c...
compiling sx1276.c...
compiling mlm32l07x01.c...
compiling system_stm32l0xx.c...
compiling stm32l0xx_hal.c...
compiling stm32l0xx_hal_spi.c...
compiling stm32l0xx_hal_adc.c...
compiling stm32l0xx_hal_uart.c...
compiling stm32l0xx_hal_rcc_ex.c...
compiling stm32l0xx_hal_rcc.c...
compiling stm32l0xx_hal_cortex.c...
compiling stm32l0xx_hal_pwr_ex.c...
compiling stm32l0xx_hal_gpio.c...
compiling stm32l0xx_hal_pwr.c...
compiling stm32l0xx_hal_rtc.c...
compiling stm32l0xx_hal_dma.c...
compiling stm32l0xx_hal_rtc_ex.c...
assembling startup_stm32l072xx.s...
compiling stm32l0xx_hal_tim_ex.c...
compiling stm32l0xx_hal_adc_ex.c...
compiling stm32l0xx_hal_uart_ex.c...
compiling stm32l0xx_hal_tim.c...
compiling stm32l0xx_hal_i2c_ex.c...
compiling bsp.c...
compiling stm32l0xx_hal_i2c.c...
compiling debug.c...
compiling hw_gpio.c...
compiling hw_rtc.c...
compiling hw_spi.c...
compiling main.c...
..\..\src\main.c(210): warning:  #177-D: variable "Bytedata"  was declared but never referenced
  	uint8_t Bytedata=0;
..\..\src\main.c(353): warning:  #550-D: variable "batteryLevel"  was set but never used
    uint8_t batteryLevel;
..\..\src\main.c: 2 warnings, 0 errors
compiling vcom.c...
compiling mlm32l0xx_hal_msp.c...
compiling mlm32l0xx_it.c...
compiling vl53l1_platform.c...
compiling lora.c...
compiling mlm32l0xx_hw.c...
compiling lora-test.c...
compiling LoRaMac.c...
compiling LoRaMacCrypto.c...
compiling Region.c...
compiling RegionAS923.c...
compiling RegionCN470.c...
compiling RegionAU915.c...
compiling RegionCN779.c...
compiling RegionCommon.c...
compiling RegionEU433.c...
compiling RegionUS915.c...
compiling RegionEU868.c...
compiling delay.c...
compiling RegionIN865.c...
compiling RegionUS915-Hybrid.c...
compiling low_power_manager.c...
compiling RegionKR920.c...
compiling aes.c...
compiling utilities.c...
compiling cmac.c...
compiling VL53L1X_calibration.c...
compiling VL53L1X_api.c...
compiling timeServer.c...
linking...
Program Size: Code=43776 RO-data=1636 RW-data=452 ZI-data=4644  
FromELF: creating hex file...
".\mlm32l07x01\NUCLEO_CUBE_LORA.axf" - 0 Error(s), 2 Warning(s).

<h2>Software Packages used:</h2>

Package Vendor: Keil
                http://www.keil.com/pack/Keil.STM32L0xx_DFP.2.0.1.pack
                Keil.STM32L0xx_DFP.2.0.1
                STMicroelectronics STM32L0 Series Device Support, Drivers and Examples

<h2>Collection of Component include folders:</h2>
  .\RTE\_mlm32l07x01
  C:\Users\julien terrier\AppData\Local\Arm\Packs\Keil\STM32L0xx_DFP\2.0.1\Drivers\CMSIS\Device\ST\STM32L0xx\Include

<h2>Collection of Component Files used:</h2>
Build Time Elapsed:  00:01:09
</pre>
</body>
</html>
