Component: ARM Compiler 5.06 update 6 (build 750) Tool: armlink [4d35ed]

==============================================================================

Section Cross References

    hts221_driver.o(i.HTS221_Activate) refers to hts221_driver.o(i.HTS221_ReadReg) for HTS221_ReadReg
    hts221_driver.o(i.HTS221_Activate) refers to hts221_driver.o(i.HTS221_WriteReg) for HTS221_WriteReg
    hts221_driver.o(i.HTS221_DeActivate) refers to hts221_driver.o(i.HTS221_ReadReg) for HTS221_ReadReg
    hts221_driver.o(i.HTS221_DeActivate) refers to hts221_driver.o(i.HTS221_WriteReg) for HTS221_WriteReg
    hts221_driver.o(i.HTS221_DeInit) refers to hts221_driver.o(i.HTS221_ReadReg) for HTS221_ReadReg
    hts221_driver.o(i.HTS221_DeInit) refers to hts221_driver.o(i.HTS221_WriteReg) for HTS221_WriteReg
    hts221_driver.o(i.HTS221_Get_AvgHT) refers to hts221_driver.o(i.HTS221_ReadReg) for HTS221_ReadReg
    hts221_driver.o(i.HTS221_Get_BduMode) refers to hts221_driver.o(i.HTS221_ReadReg) for HTS221_ReadReg
    hts221_driver.o(i.HTS221_Get_DataStatus) refers to hts221_driver.o(i.HTS221_ReadReg) for HTS221_ReadReg
    hts221_driver.o(i.HTS221_Get_DeviceID) refers to hts221_driver.o(i.HTS221_ReadReg) for HTS221_ReadReg
    hts221_driver.o(i.HTS221_Get_HeaterState) refers to hts221_driver.o(i.HTS221_ReadReg) for HTS221_ReadReg
    hts221_driver.o(i.HTS221_Get_Humidity) refers to hts221_driver.o(i.HTS221_ReadReg) for HTS221_ReadReg
    hts221_driver.o(i.HTS221_Get_Humidity) refers to fflti.o(.text) for __aeabi_i2f
    hts221_driver.o(i.HTS221_Get_Humidity) refers to fmul.o(.text) for __aeabi_fmul
    hts221_driver.o(i.HTS221_Get_Humidity) refers to fdiv.o(.text) for __aeabi_fdiv
    hts221_driver.o(i.HTS221_Get_Humidity) refers to fadd.o(.text) for __aeabi_fadd
    hts221_driver.o(i.HTS221_Get_Humidity) refers to ffixui.o(.text) for __aeabi_f2uiz
    hts221_driver.o(i.HTS221_Get_HumidityRaw) refers to hts221_driver.o(i.HTS221_ReadReg) for HTS221_ReadReg
    hts221_driver.o(i.HTS221_Get_InitConfig) refers to hts221_driver.o(i.HTS221_ReadReg) for HTS221_ReadReg
    hts221_driver.o(i.HTS221_Get_IrqActiveLevel) refers to hts221_driver.o(i.HTS221_ReadReg) for HTS221_ReadReg
    hts221_driver.o(i.HTS221_Get_IrqEnable) refers to hts221_driver.o(i.HTS221_ReadReg) for HTS221_ReadReg
    hts221_driver.o(i.HTS221_Get_IrqOutputType) refers to hts221_driver.o(i.HTS221_ReadReg) for HTS221_ReadReg
    hts221_driver.o(i.HTS221_Get_Measurement) refers to hts221_driver.o(i.HTS221_Get_Temperature) for HTS221_Get_Temperature
    hts221_driver.o(i.HTS221_Get_Measurement) refers to hts221_driver.o(i.HTS221_Get_Humidity) for HTS221_Get_Humidity
    hts221_driver.o(i.HTS221_Get_Odr) refers to hts221_driver.o(i.HTS221_ReadReg) for HTS221_ReadReg
    hts221_driver.o(i.HTS221_Get_PowerDownMode) refers to hts221_driver.o(i.HTS221_ReadReg) for HTS221_ReadReg
    hts221_driver.o(i.HTS221_Get_RawMeasurement) refers to hts221_driver.o(i.HTS221_ReadReg) for HTS221_ReadReg
    hts221_driver.o(i.HTS221_Get_Temperature) refers to hts221_driver.o(i.HTS221_ReadReg) for HTS221_ReadReg
    hts221_driver.o(i.HTS221_Get_Temperature) refers to fflti.o(.text) for __aeabi_i2f
    hts221_driver.o(i.HTS221_Get_Temperature) refers to fmul.o(.text) for __aeabi_fmul
    hts221_driver.o(i.HTS221_Get_Temperature) refers to fdiv.o(.text) for __aeabi_fdiv
    hts221_driver.o(i.HTS221_Get_Temperature) refers to fadd.o(.text) for __aeabi_fadd
    hts221_driver.o(i.HTS221_Get_Temperature) refers to ffixi.o(.text) for __aeabi_f2iz
    hts221_driver.o(i.HTS221_Get_TemperatureRaw) refers to hts221_driver.o(i.HTS221_ReadReg) for HTS221_ReadReg
    hts221_driver.o(i.HTS221_IsMeasurementCompleted) refers to hts221_driver.o(i.HTS221_ReadReg) for HTS221_ReadReg
    hts221_driver.o(i.HTS221_MemoryBoot) refers to hts221_driver.o(i.HTS221_ReadReg) for HTS221_ReadReg
    hts221_driver.o(i.HTS221_MemoryBoot) refers to hts221_driver.o(i.HTS221_WriteReg) for HTS221_WriteReg
    hts221_driver.o(i.HTS221_ReadReg) refers to x_nucleo_iks01a2.o(i.Sensor_IO_Read) for Sensor_IO_Read
    hts221_driver.o(i.HTS221_Set_AvgH) refers to hts221_driver.o(i.HTS221_assert_failed) for HTS221_assert_failed
    hts221_driver.o(i.HTS221_Set_AvgH) refers to hts221_driver.o(i.HTS221_ReadReg) for HTS221_ReadReg
    hts221_driver.o(i.HTS221_Set_AvgH) refers to hts221_driver.o(i.HTS221_WriteReg) for HTS221_WriteReg
    hts221_driver.o(i.HTS221_Set_AvgH) refers to hts221_driver.o(.conststring) for .conststring
    hts221_driver.o(i.HTS221_Set_AvgHT) refers to hts221_driver.o(i.HTS221_assert_failed) for HTS221_assert_failed
    hts221_driver.o(i.HTS221_Set_AvgHT) refers to hts221_driver.o(i.HTS221_ReadReg) for HTS221_ReadReg
    hts221_driver.o(i.HTS221_Set_AvgHT) refers to hts221_driver.o(i.HTS221_WriteReg) for HTS221_WriteReg
    hts221_driver.o(i.HTS221_Set_AvgHT) refers to hts221_driver.o(.conststring) for .conststring
[...]
    HAL_I2CEx_ConfigAnalogFilter             0x0800165d   Thumb Code    74  stm32l0xx_hal_i2c_ex.o(i.HAL_I2CEx_ConfigAnalogFilter)
    HAL_I2CEx_ConfigDigitalFilter            0x080016a7   Thumb Code    72  stm32l0xx_hal_i2c_ex.o(i.HAL_I2CEx_ConfigDigitalFilter)
    HAL_I2C_Init                             0x080016f1   Thumb Code   176  stm32l0xx_hal_i2c.o(i.HAL_I2C_Init)
    HAL_I2C_Master_Receive                   0x080017a5   Thumb Code   262  stm32l0xx_hal_i2c.o(i.HAL_I2C_Master_Receive)
    HAL_I2C_Master_Transmit                  0x080018b5   Thumb Code   262  stm32l0xx_hal_i2c.o(i.HAL_I2C_Master_Transmit)
    HAL_I2C_MspInit                          0x080019c5   Thumb Code    82  mlm32l0xx_hal_msp.o(i.HAL_I2C_MspInit)
    HAL_IncTick                              0x08001a25   Thumb Code    10  stm32l0xx_hal.o(i.HAL_IncTick)
    HAL_Init                                 0x08001a35   Thumb Code    26  stm32l0xx_hal.o(i.HAL_Init)
    HAL_InitTick                             0x08001a55   Thumb Code     4  mlm32l0xx_hal_msp.o(i.HAL_InitTick)
    HAL_MspInit                              0x08001a59   Thumb Code    46  mlm32l0xx_hal_msp.o(i.HAL_MspInit)
    HAL_NVIC_ClearPendingIRQ                 0x08001a91   Thumb Code    14  stm32l0xx_hal_cortex.o(i.HAL_NVIC_ClearPendingIRQ)
    HAL_NVIC_EnableIRQ                       0x08001aa5   Thumb Code    14  stm32l0xx_hal_cortex.o(i.HAL_NVIC_EnableIRQ)
    HAL_NVIC_SetPendingIRQ                   0x08001ab9   Thumb Code    14  stm32l0xx_hal_cortex.o(i.HAL_NVIC_SetPendingIRQ)
    HAL_NVIC_SetPriority                     0x08001acd   Thumb Code     8  stm32l0xx_hal_cortex.o(i.HAL_NVIC_SetPriority)
    HAL_PWREx_EnableFastWakeUp               0x08001ad5   Thumb Code    12  stm32l0xx_hal_pwr_ex.o(i.HAL_PWREx_EnableFastWakeUp)
    HAL_PWREx_EnableUltraLowPower            0x08001ae5   Thumb Code    12  stm32l0xx_hal_pwr_ex.o(i.HAL_PWREx_EnableUltraLowPower)
    HAL_PWR_DisablePVD                       0x08001af5   Thumb Code    12  stm32l0xx_hal_pwr.o(i.HAL_PWR_DisablePVD)
    HAL_RCCEx_GetPeriphCLKFreq               0x08001b05   Thumb Code   406  stm32l0xx_hal_rcc_ex.o(i.HAL_RCCEx_GetPeriphCLKFreq)
    HAL_RCCEx_PeriphCLKConfig                0x08001cc5   Thumb Code   382  stm32l0xx_hal_rcc_ex.o(i.HAL_RCCEx_PeriphCLKConfig)
    HAL_RCC_ClockConfig                      0x08001e51   Thumb Code   340  stm32l0xx_hal_rcc.o(i.HAL_RCC_ClockConfig)
    HAL_RCC_GetPCLK1Freq                     0x08001fb9   Thumb Code    20  stm32l0xx_hal_rcc.o(i.HAL_RCC_GetPCLK1Freq)
    HAL_RCC_GetPCLK2Freq                     0x08001fd9   Thumb Code    20  stm32l0xx_hal_rcc.o(i.HAL_RCC_GetPCLK2Freq)
    HAL_RCC_GetSysClockFreq                  0x08001ff9   Thumb Code   100  stm32l0xx_hal_rcc.o(i.HAL_RCC_GetSysClockFreq)
    HAL_RCC_OscConfig                        0x08002071   Thumb Code  1116  stm32l0xx_hal_rcc.o(i.HAL_RCC_OscConfig)
    HAL_RTCEx_EnableBypassShadow             0x080024cd   Thumb Code    60  stm32l0xx_hal_rtc_ex.o(i.HAL_RTCEx_EnableBypassShadow)
    HAL_RTC_AlarmAEventCallback              0x08002509   Thumb Code     8  mlm32l0xx_hal_msp.o(i.HAL_RTC_AlarmAEventCallback)
    HAL_RTC_DeactivateAlarm                  0x08002511   Thumb Code   184  stm32l0xx_hal_rtc.o(i.HAL_RTC_DeactivateAlarm)
    HAL_RTC_GetDate                          0x080025c9   Thumb Code    68  stm32l0xx_hal_rtc.o(i.HAL_RTC_GetDate)
    HAL_RTC_GetTime                          0x0800260d   Thumb Code    88  stm32l0xx_hal_rtc.o(i.HAL_RTC_GetTime)
    HAL_RTC_Init                             0x08002669   Thumb Code   160  stm32l0xx_hal_rtc.o(i.HAL_RTC_Init)
    HAL_RTC_MspInit                          0x0800270d   Thumb Code    86  mlm32l0xx_hal_msp.o(i.HAL_RTC_MspInit)
    HAL_RTC_SetAlarm_IT                      0x08002769   Thumb Code   408  stm32l0xx_hal_rtc.o(i.HAL_RTC_SetAlarm_IT)
    HAL_RTC_SetDate                          0x08002909   Thumb Code   200  stm32l0xx_hal_rtc.o(i.HAL_RTC_SetDate)
    HAL_RTC_SetTime                          0x080029d5   Thumb Code   234  stm32l0xx_hal_rtc.o(i.HAL_RTC_SetTime)
    HAL_RTC_WaitForSynchro                   0x08002ac5   Thumb Code    52  stm32l0xx_hal_rtc.o(i.HAL_RTC_WaitForSynchro)
    HAL_SPI_Init                             0x08002af9   Thumb Code   132  stm32l0xx_hal_spi.o(i.HAL_SPI_Init)
    HAL_SPI_MspInit                          0x08002b7d   Thumb Code     2  stm32l0xx_hal_spi.o(i.HAL_SPI_MspInit)
    HAL_SPI_TransmitReceive                  0x08002b7f   Thumb Code   696  stm32l0xx_hal_spi.o(i.HAL_SPI_TransmitReceive)
    HAL_UART_Init                            0x08002e37   Thumb Code   108  stm32l0xx_hal_uart.o(i.HAL_UART_Init)
    HAL_UART_MspInit                         0x08002ea5   Thumb Code    20  vcom.o(i.HAL_UART_MspInit)
    HAL_UART_Transmit                        0x08002ebd   Thumb Code   200  stm32l0xx_hal_uart.o(i.HAL_UART_Transmit)
    HW_AdcInit                               0x08002f85   Thumb Code    74  mlm32l0xx_hw.o(i.HW_AdcInit)
    HW_AdcReadChannel                        0x08002fe1   Thumb Code   122  mlm32l0xx_hw.o(i.HW_AdcReadChannel)
    HW_GPIO_Init                             0x080030ad   Thumb Code    80  hw_gpio.o(i.HW_GPIO_Init)
    HW_GPIO_IrqHandler                       0x08003101   Thumb Code    20  hw_gpio.o(i.HW_GPIO_IrqHandler)
    HW_GPIO_SetIrq                           0x08003119   Thumb Code    56  hw_gpio.o(i.HW_GPIO_SetIrq)
    HW_GPIO_Write                            0x08003155   Thumb Code    10  hw_gpio.o(i.HW_GPIO_Write)
    HW_GetBatteryLevel                       0x08003161   Thumb Code    62  mlm32l0xx_hw.o(i.HW_GetBatteryLevel)
    HW_GetRandomSeed                         0x080031b1   Thumb Code    14  mlm32l0xx_hw.o(i.HW_GetRandomSeed)
    HW_GetTemperatureLevel                   0x080031c5   Thumb Code    72  mlm32l0xx_hw.o(i.HW_GetTemperatureLevel)
    HW_GetUniqueId                           0x0800321d   Thumb Code    64  mlm32l0xx_hw.o(i.HW_GetUniqueId)
    HW_GpioInit                              0x08003261   Thumb Code   150  mlm32l0xx_hw.o(i.HW_GpioInit)
    HW_Init                                  0x08003311   Thumb Code    66  mlm32l0xx_hw.o(i.HW_Init)
    HW_RTC_DelayMs                           0x0800335d   Thumb Code    38  hw_rtc.o(i.HW_RTC_DelayMs)
    HW_RTC_GetMinimumTimeout                 0x08003429   Thumb Code     4  hw_rtc.o(i.HW_RTC_GetMinimumTimeout)
    HW_RTC_GetTimerContext                   0x0800342d   Thumb Code     6  hw_rtc.o(i.HW_RTC_GetTimerContext)
    HW_RTC_GetTimerElapsedTime               0x08003439   Thumb Code    22  hw_rtc.o(i.HW_RTC_GetTimerElapsedTime)
    HW_RTC_GetTimerValue                     0x08003455   Thumb Code    16  hw_rtc.o(i.HW_RTC_GetTimerValue)
    HW_RTC_Init                              0x08003465   Thumb Code    34  hw_rtc.o(i.HW_RTC_Init)
    HW_RTC_IrqHandler                        0x08003491   Thumb Code    54  hw_rtc.o(i.HW_RTC_IrqHandler)
    HW_RTC_SetAlarm                          0x080034d1   Thumb Code    56  hw_rtc.o(i.HW_RTC_SetAlarm)
    HW_RTC_SetTimerContext                   0x0800356d   Thumb Code    18  hw_rtc.o(i.HW_RTC_SetTimerContext)
    HW_RTC_StopAlarm                         0x080036b9   Thumb Code    36  hw_rtc.o(i.HW_RTC_StopAlarm)
    HW_RTC_Tick2ms                           0x080036e5   Thumb Code    16  hw_rtc.o(i.HW_RTC_Tick2ms)
    HW_RTC_ms2Tick                           0x080036f5   Thumb Code    16  hw_rtc.o(i.HW_RTC_ms2Tick)
    HW_SPI_InOut                             0x08003705   Thumb Code    28  hw_spi.o(i.HW_SPI_InOut)
    HW_SPI_Init                              0x08003725   Thumb Code   112  hw_spi.o(i.HW_SPI_Init)
    HW_SPI_IoInit                            0x080037a9   Thumb Code    92  hw_spi.o(i.HW_SPI_IoInit)
    HardFault_Handler                        0x08003809   Thumb Code     4  mlm32l0xx_it.o(i.HardFault_Handler)
    LORA_Init                                0x08003a95   Thumb Code   140  lora.o(i.LORA_Init)
    LORA_Join                                0x08003b59   Thumb Code    50  lora.o(i.LORA_Join)
    LORA_JoinStatus                          0x08003b95   Thumb Code    24  lora.o(i.LORA_JoinStatus)
    LORA_RequestClass                        0x08003bad   Thumb Code   100  lora.o(i.LORA_RequestClass)
    LORA_send                                0x08003cb5   Thumb Code   124  lora.o(i.LORA_send)
    LPM_GetMode                              0x08003d35   Thumb Code    36  low_power_manager.o(i.LPM_GetMode)
    LPM_SetOffMode                           0x08003d5d   Thumb Code    34  low_power_manager.o(i.LPM_SetOffMode)
    LPM_SetStopMode                          0x08003d85   Thumb Code    34  low_power_manager.o(i.LPM_SetStopMode)
    LoRaMacComputeMic                        0x08003dad   Thumb Code   112  loramaccrypto.o(i.LoRaMacComputeMic)
    LoRaMacInitialization                    0x08003e29   Thumb Code   514  loramac.o(i.LoRaMacInitialization)
    LoRaMacJoinComputeMic                    0x08004061   Thumb Code    62  loramaccrypto.o(i.LoRaMacJoinComputeMic)
    LoRaMacJoinComputeSKeys                  0x080040a9   Thumb Code   130  loramaccrypto.o(i.LoRaMacJoinComputeSKeys)
    LoRaMacJoinDecrypt                       0x08004131   Thumb Code    60  loramaccrypto.o(i.LoRaMacJoinDecrypt)
    LoRaMacMcpsRequest                       0x08004171   Thumb Code   288  loramac.o(i.LoRaMacMcpsRequest)
    LoRaMacMibGetRequestConfirm              0x0800429d   Thumb Code   240  loramac.o(i.LoRaMacMibGetRequestConfirm)
    LoRaMacMibSetRequestConfirm              0x08004399   Thumb Code   570  loramac.o(i.LoRaMacMibSetRequestConfirm)
    LoRaMacMlmeRequest                       0x080045e5   Thumb Code   238  loramac.o(i.LoRaMacMlmeRequest)
    LoRaMacPayloadDecrypt                    0x080046e1   Thumb Code    16  loramaccrypto.o(i.LoRaMacPayloadDecrypt)
    LoRaMacPayloadEncrypt                    0x080046f1   Thumb Code   182  loramaccrypto.o(i.LoRaMacPayloadEncrypt)
    LoRaMacQueryTxPossible                   0x080047b1   Thumb Code   174  loramac.o(i.LoRaMacQueryTxPossible)
    LoRaMacTestSetDutyCycleOn                0x08004869   Thumb Code    28  loramac.o(i.LoRaMacTestSetDutyCycleOn)
    MSP_GetIRQn                              0x08004889   Thumb Code    48  mlm32l0xx_hal_msp.o(i.MSP_GetIRQn)
    MX_GPIO_Init                             0x080048b9   Thumb Code    52  main.o(i.MX_GPIO_Init)
    NMI_Handler                              0x08004a01   Thumb Code     2  mlm32l0xx_it.o(i.NMI_Handler)
    PendSV_Handler                           0x08005551   Thumb Code     2  mlm32l0xx_it.o(i.PendSV_Handler)
    PrepareFrame                             0x08005555   Thumb Code   620  loramac.o(i.PrepareFrame)
    ProcessPeopleCountingData                0x08005acd   Thumb Code   170  main.o(i.ProcessPeopleCountingData)
    RTC_Bcd2ToByte                           0x08005c0d   Thumb Code    16  stm32l0xx_hal_rtc.o(i.RTC_Bcd2ToByte)
    RTC_ByteToBcd2                           0x08005c1d   Thumb Code    22  stm32l0xx_hal_rtc.o(i.RTC_ByteToBcd2)
    RTC_EnterInitMode                        0x08005c33   Thumb Code    56  stm32l0xx_hal_rtc.o(i.RTC_EnterInitMode)
    RTC_IRQHandler                           0x08005c6b   Thumb Code     8  mlm32l0xx_it.o(i.RTC_IRQHandler)
    RegionAdrNext                            0x08005c73   Thumb Code    30  region.o(i.RegionAdrNext)
    RegionAlternateDr                        0x08005c91   Thumb Code    18  region.o(i.RegionAlternateDr)
    RegionApplyCFList                        0x08005ca3   Thumb Code    14  region.o(i.RegionApplyCFList)
    RegionApplyDrOffset                      0x08005cb1   Thumb Code    26  region.o(i.RegionApplyDrOffset)
    RegionCalcBackOff                        0x08005ccb   Thumb Code    14  region.o(i.RegionCalcBackOff)
    RegionChanMaskSet                        0x08005cd9   Thumb Code    18  region.o(i.RegionChanMaskSet)
    RegionCommonCalcBackOff                  0x08005ceb   Thumb Code    92  regioncommon.o(i.RegionCommonCalcBackOff)
    RegionCommonChanDisable                  0x08005d47   Thumb Code    38  regioncommon.o(i.RegionCommonChanDisable)
    RegionCommonChanMaskCopy                 0x08005d6d   Thumb Code    30  regioncommon.o(i.RegionCommonChanMaskCopy)
    RegionCommonChanVerifyDr                 0x08005d8b   Thumb Code    96  regioncommon.o(i.RegionCommonChanVerifyDr)
    RegionCommonComputeRxWindowParameters    0x08005deb   Thumb Code   144  regioncommon.o(i.RegionCommonComputeRxWindowParameters)
    RegionCommonComputeSymbolTimeFsk         0x08005e7d   Thumb Code    20  regioncommon.o(i.RegionCommonComputeSymbolTimeFsk)
    RegionCommonComputeSymbolTimeLoRa        0x08005e95   Thumb Code    40  regioncommon.o(i.RegionCommonComputeSymbolTimeLoRa)
    RegionCommonComputeTxPower               0x08005ec1   Thumb Code    40  regioncommon.o(i.RegionCommonComputeTxPower)
    RegionCommonCountChannels                0x08005ee9   Thumb Code    68  regioncommon.o(i.RegionCommonCountChannels)
    RegionCommonGetJoinDc                    0x08005f2d   Thumb Code    26  regioncommon.o(i.RegionCommonGetJoinDc)
    RegionCommonLinkAdrReqVerifyParams       0x08005f55   Thumb Code   152  regioncommon.o(i.RegionCommonLinkAdrReqVerifyParams)
    RegionCommonParseLinkAdrReq              0x08005fed   Thumb Code    54  regioncommon.o(i.RegionCommonParseLinkAdrReq)
    RegionCommonSetBandTxDone                0x08006023   Thumb Code    10  regioncommon.o(i.RegionCommonSetBandTxDone)
    RegionCommonUpdateBandTimeOff            0x0800602d   Thumb Code   188  regioncommon.o(i.RegionCommonUpdateBandTimeOff)
    RegionCommonValueInRange                 0x080060e9   Thumb Code    16  regioncommon.o(i.RegionCommonValueInRange)
    RegionComputeRxWindowParameters          0x080060f9   Thumb Code    26  region.o(i.RegionComputeRxWindowParameters)
    RegionDlChannelReq                       0x08006113   Thumb Code    18  region.o(i.RegionDlChannelReq)
    RegionEU868AdrNext                       0x08006125   Thumb Code   116  regioneu868.o(i.RegionEU868AdrNext)
    RegionEU868AlternateDr                   0x0800619d   Thumb Code     2  regioneu868.o(i.RegionEU868AlternateDr)
    RegionEU868ApplyCFList                   0x0800619f   Thumb Code   116  regioneu868.o(i.RegionEU868ApplyCFList)
    RegionEU868ApplyDrOffset                 0x08006213   Thumb Code    14  regioneu868.o(i.RegionEU868ApplyDrOffset)
    RegionEU868CalcBackOff                   0x08006221   Thumb Code    48  regioneu868.o(i.RegionEU868CalcBackOff)
    RegionEU868ChanMaskSet                   0x08006259   Thumb Code    40  regioneu868.o(i.RegionEU868ChanMaskSet)
    RegionEU868ChannelAdd                    0x08006285   Thumb Code   212  regioneu868.o(i.RegionEU868ChannelAdd)
    RegionEU868ChannelsRemove                0x08006361   Thumb Code    38  regioneu868.o(i.RegionEU868ChannelsRemove)
    RegionEU868ComputeRxWindowParameters     0x08006391   Thumb Code    92  regioneu868.o(i.RegionEU868ComputeRxWindowParameters)
    RegionEU868DlChannelReq                  0x080063f5   Thumb Code    56  regioneu868.o(i.RegionEU868DlChannelReq)
    RegionEU868GetPhyParam                   0x08006431   Thumb Code   164  regioneu868.o(i.RegionEU868GetPhyParam)
    RegionEU868InitDefaults                  0x080064f9   Thumb Code    74  regioneu868.o(i.RegionEU868InitDefaults)
    RegionEU868LinkAdrReq                    0x08006551   Thumb Code   286  regioneu868.o(i.RegionEU868LinkAdrReq)
    RegionEU868NewChannelReq                 0x08006679   Thumb Code    72  regioneu868.o(i.RegionEU868NewChannelReq)
    RegionEU868NextChannel                   0x080066c1   Thumb Code   178  regioneu868.o(i.RegionEU868NextChannel)
    RegionEU868RxConfig                      0x0800677d   Thumb Code   202  regioneu868.o(i.RegionEU868RxConfig)
    RegionEU868RxParamSetupReq               0x0800685d   Thumb Code    64  regioneu868.o(i.RegionEU868RxParamSetupReq)
    RegionEU868SetBandTxDone                 0x080068a1   Thumb Code    30  regioneu868.o(i.RegionEU868SetBandTxDone)
    RegionEU868SetContinuousWave             0x080068c9   Thumb Code    60  regioneu868.o(i.RegionEU868SetContinuousWave)
    RegionEU868TxConfig                      0x08006911   Thumb Code   196  regioneu868.o(i.RegionEU868TxConfig)
    RegionEU868TxParamSetupReq               0x080069ed   Thumb Code     6  regioneu868.o(i.RegionEU868TxParamSetupReq)
    RegionEU868Verify                        0x080069f3   Thumb Code    54  regioneu868.o(i.RegionEU868Verify)
    RegionGetPhyParam                        0x08006a29   Thumb Code    20  region.o(i.RegionGetPhyParam)
    RegionInitDefaults                       0x08006a3d   Thumb Code    14  region.o(i.RegionInitDefaults)
    RegionIsActive                           0x08006a4b   Thumb Code    12  region.o(i.RegionIsActive)
    RegionLinkAdrReq                         0x08006a57   Thumb Code    34  region.o(i.RegionLinkAdrReq)
    RegionNewChannelReq                      0x08006a79   Thumb Code    18  region.o(i.RegionNewChannelReq)
    RegionNextChannel                        0x08006a8b   Thumb Code    30  region.o(i.RegionNextChannel)
    RegionRxConfig                           0x08006aa9   Thumb Code    22  region.o(i.RegionRxConfig)
    RegionRxParamSetupReq                    0x08006abf   Thumb Code    18  region.o(i.RegionRxParamSetupReq)
    RegionSetBandTxDone                      0x08006ad1   Thumb Code    14  region.o(i.RegionSetBandTxDone)
    RegionSetContinuousWave                  0x08006adf   Thumb Code    14  region.o(i.RegionSetContinuousWave)
    RegionTxConfig                           0x08006aed   Thumb Code    26  region.o(i.RegionTxConfig)
    RegionTxParamSetupReq                    0x08006b07   Thumb Code    18  region.o(i.RegionTxParamSetupReq)
    RegionVerify                             0x08006b19   Thumb Code    22  region.o(i.RegionVerify)
    RxChainCalibration                       0x08006bb9   Thumb Code   138  sx1276.o(i.RxChainCalibration)
    SVC_Handler                              0x08006d17   Thumb Code     2  mlm32l0xx_it.o(i.SVC_Handler)
    SX1276BoardInit                          0x08006d19   Thumb Code     6  sx1276.o(i.SX1276BoardInit)
    SX1276CheckRfFrequency                   0x08006d25   Thumb Code     4  mlm32l07x01.o(i.SX1276CheckRfFrequency)
    SX1276GetPaSelect                        0x08006d29   Thumb Code    12  mlm32l07x01.o(i.SX1276GetPaSelect)
    SX1276GetStatus                          0x08006d35   Thumb Code     6  sx1276.o(i.SX1276GetStatus)
    SX1276GetTimeOnAir                       0x08006d41   Thumb Code   444  sx1276.o(i.SX1276GetTimeOnAir)
    SX1276GetWakeTime                        0x08006f25   Thumb Code     4  mlm32l07x01.o(i.SX1276GetWakeTime)
    SX1276GetWakeupTime                      0x08006f29   Thumb Code    14  sx1276.o(i.SX1276GetWakeupTime)
    SX1276Init                               0x08006f3d   Thumb Code   122  sx1276.o(i.SX1276Init)
    SX1276IoDeInit                           0x08006fc9   Thumb Code    68  mlm32l07x01.o(i.SX1276IoDeInit)
    SX1276IoInit                             0x08007019   Thumb Code    94  mlm32l07x01.o(i.SX1276IoInit)
    SX1276IoIrqInit                          0x08007089   Thumb Code    58  mlm32l07x01.o(i.SX1276IoIrqInit)
    SX1276IsChannelFree                      0x080070cd   Thumb Code    78  sx1276.o(i.SX1276IsChannelFree)
    SX1276OnDio0Irq                          0x0800711d   Thumb Code   594  sx1276.o(i.SX1276OnDio0Irq)
    SX1276OnDio1Irq                          0x08007399   Thumb Code   194  sx1276.o(i.SX1276OnDio1Irq)
    SX1276OnDio2Irq                          0x08007471   Thumb Code   166  sx1276.o(i.SX1276OnDio2Irq)
    SX1276OnDio3Irq                          0x08007525   Thumb Code    76  sx1276.o(i.SX1276OnDio3Irq)
    SX1276OnDio4Irq                          0x08007579   Thumb Code    24  sx1276.o(i.SX1276OnDio4Irq)
    SX1276OnTimeoutIrq                       0x08007595   Thumb Code   188  sx1276.o(i.SX1276OnTimeoutIrq)
    SX1276Random                             0x0800765d   Thumb Code    62  sx1276.o(i.SX1276Random)
    SX1276Read                               0x0800769b   Thumb Code    16  sx1276.o(i.SX1276Read)
    SX1276ReadBuffer                         0x080076ab   Thumb Code    66  sx1276.o(i.SX1276ReadBuffer)
    SX1276ReadFifo                           0x080076ed   Thumb Code    14  sx1276.o(i.SX1276ReadFifo)
    SX1276ReadRssi                           0x080076fd   Thumb Code    58  sx1276.o(i.SX1276ReadRssi)
    SX1276Reset                              0x08007741   Thumb Code    74  sx1276.o(i.SX1276Reset)
    SX1276Send                               0x08007791   Thumb Code   230  sx1276.o(i.SX1276Send)
    SX1276SetAntSw                           0x08007881   Thumb Code    60  mlm32l07x01.o(i.SX1276SetAntSw)
    SX1276SetAntSwLowPower                   0x080078c5   Thumb Code   110  mlm32l07x01.o(i.SX1276SetAntSwLowPower)
    SX1276SetChannel                         0x08007939   Thumb Code    72  sx1276.o(i.SX1276SetChannel)
    SX1276SetMaxPayloadLength                0x08007989   Thumb Code    42  sx1276.o(i.SX1276SetMaxPayloadLength)
    SX1276SetModem                           0x080079b9   Thumb Code   106  sx1276.o(i.SX1276SetModem)
    SX1276SetOpMode                          0x08007a29   Thumb Code    86  sx1276.o(i.SX1276SetOpMode)
    SX1276SetPublicNetwork                   0x08007a85   Thumb Code    32  sx1276.o(i.SX1276SetPublicNetwork)
    SX1276SetRfTxPower                       0x08007aa9   Thumb Code   152  mlm32l07x01.o(i.SX1276SetRfTxPower)
    SX1276SetRx                              0x08007b41   Thumb Code   474  sx1276.o(i.SX1276SetRx)
    SX1276SetRxConfig                        0x08007d3d   Thumb Code   628  sx1276.o(i.SX1276SetRxConfig)
    SX1276SetSleep                           0x08007fc5   Thumb Code    32  sx1276.o(i.SX1276SetSleep)
    SX1276SetStby                            0x08007fe9   Thumb Code    32  sx1276.o(i.SX1276SetStby)
    SX1276SetTx                              0x0800800d   Thumb Code   158  sx1276.o(i.SX1276SetTx)
    SX1276SetTxConfig                        0x080080b1   Thumb Code   490  sx1276.o(i.SX1276SetTxConfig)
    SX1276SetTxContinuousWave                0x080082ad   Thumb Code   120  sx1276.o(i.SX1276SetTxContinuousWave)
    SX1276SetXO                              0x08008329   Thumb Code    40  mlm32l07x01.o(i.SX1276SetXO)
    SX1276StartCad                           0x08008351   Thumb Code    50  sx1276.o(i.SX1276StartCad)
    SX1276Write                              0x08008389   Thumb Code    12  sx1276.o(i.SX1276Write)
    SX1276WriteBuffer                        0x08008395   Thumb Code    66  sx1276.o(i.SX1276WriteBuffer)
    SX1276WriteFifo                          0x080083d7   Thumb Code    14  sx1276.o(i.SX1276WriteFifo)
    Send                                     0x08008571   Thumb Code    56  loramac.o(i.Send)
    SendFrameOnChannel                       0x080085b1   Thumb Code   122  loramac.o(i.SendFrameOnChannel)
    SetTxContinuousWave                      0x08008659   Thumb Code    74  loramac.o(i.SetTxContinuousWave)
    SetTxContinuousWave1                     0x080086ad   Thumb Code    48  loramac.o(i.SetTxContinuousWave1)
    SysTick_Handler                          0x080086e9   Thumb Code     8  mlm32l0xx_it.o(i.SysTick_Handler)
    SystemClock_Config                       0x080086f1   Thumb Code   130  mlm32l0xx_hw.o(i.SystemClock_Config)
    SystemInit                               0x0800877d   Thumb Code    66  system_stm32l0xx.o(i.SystemInit)
    TimerGetCurrentTime                      0x080087d1   Thumb Code    12  timeserver.o(i.TimerGetCurrentTime)
    TimerGetElapsedTime                      0x080087dd   Thumb Code    24  timeserver.o(i.TimerGetElapsedTime)
    TimerInit                                0x080087f5   Thumb Code    14  timeserver.o(i.TimerInit)
    TimerIrqHandler                          0x08008821   Thumb Code   116  timeserver.o(i.TimerIrqHandler)
    TimerReset                               0x08008899   Thumb Code    16  timeserver.o(i.TimerReset)
    TimerSetValue                            0x080088d5   Thumb Code    34  timeserver.o(i.TimerSetValue)
    TimerStart                               0x080088f9   Thumb Code   108  timeserver.o(i.TimerStart)
    TimerStop                                0x08008969   Thumb Code    92  timeserver.o(i.TimerStop)
    UART_AdvFeatureConfig                    0x080089c9   Thumb Code   202  stm32l0xx_hal_uart.o(i.UART_AdvFeatureConfig)
    UART_CheckIdleState                      0x08008a95   Thumb Code    90  stm32l0xx_hal_uart.o(i.UART_CheckIdleState)
    UART_SetConfig                           0x08008af5   Thumb Code   510  stm32l0xx_hal_uart.o(i.UART_SetConfig)
    UART_WaitOnFlagUntilTimeout              0x08008d25   Thumb Code    98  stm32l0xx_hal_uart.o(i.UART_WaitOnFlagUntilTimeout)
    USART2_IRQHandler                        0x08008d87   Thumb Code     8  mlm32l0xx_it.o(i.USART2_IRQHandler)
    VL53L1X_BootState                        0x08008d8f   Thumb Code    26  vl53l1x_api.o(i.VL53L1X_BootState)
    VL53L1X_Callback                         0x08008da9   Thumb Code    16  main.o(i.VL53L1X_Callback)
    VL53L1X_CheckForDataReady                0x08008dc9   Thumb Code    52  vl53l1x_api.o(i.VL53L1X_CheckForDataReady)
    VL53L1X_ClearInterrupt                   0x08008dfd   Thumb Code    12  vl53l1x_api.o(i.VL53L1X_ClearInterrupt)
    VL53L1X_GetDistance                      0x08008e09   Thumb Code    20  vl53l1x_api.o(i.VL53L1X_GetDistance)
    VL53L1X_GetDistanceMode                  0x08008e1d   Thumb Code    40  vl53l1x_api.o(i.VL53L1X_GetDistanceMode)
    VL53L1X_GetInterruptPolarity             0x08008e45   Thumb Code    38  vl53l1x_api.o(i.VL53L1X_GetInterruptPolarity)
    VL53L1X_GetRangeStatus                   0x08008e6d   Thumb Code    38  vl53l1x_api.o(i.VL53L1X_GetRangeStatus)
    VL53L1X_GetTimingBudgetInMs              0x08008e99   Thumb Code   132  vl53l1x_api.o(i.VL53L1X_GetTimingBudgetInMs)
    VL53L1X_SensorInit                       0x08008f21   Thumb Code    92  vl53l1x_api.o(i.VL53L1X_SensorInit)
    VL53L1X_SetDistanceMode                  0x08008f81   Thumb Code   162  vl53l1x_api.o(i.VL53L1X_SetDistanceMode)
    VL53L1X_SetInterMeasurementInMs          0x0800902d   Thumb Code    58  vl53l1x_api.o(i.VL53L1X_SetInterMeasurementInMs)
    VL53L1X_SetInterruptPolarity             0x08009071   Thumb Code    46  vl53l1x_api.o(i.VL53L1X_SetInterruptPolarity)
    VL53L1X_SetROI                           0x0800909f   Thumb Code    78  vl53l1x_api.o(i.VL53L1X_SetROI)
    VL53L1X_SetROICenter                     0x080090ed   Thumb Code    12  vl53l1x_api.o(i.VL53L1X_SetROICenter)
    VL53L1X_SetTimingBudgetInMs              0x080090f9   Thumb Code   294  vl53l1x_api.o(i.VL53L1X_SetTimingBudgetInMs)
    VL53L1X_StartRanging                     0x0800922d   Thumb Code    12  vl53l1x_api.o(i.VL53L1X_StartRanging)
    VL53L1X_StopRanging                      0x08009239   Thumb Code    12  vl53l1x_api.o(i.VL53L1X_StopRanging)
    VL53L1_RdByte                            0x08009245   Thumb Code    54  vl53l1_platform.o(i.VL53L1_RdByte)
    VL53L1_RdWord                            0x08009281   Thumb Code    64  vl53l1_platform.o(i.VL53L1_RdWord)
    VL53L1_WrByte                            0x080092c5   Thumb Code    38  vl53l1_platform.o(i.VL53L1_WrByte)
    VL53L1_WrDWord                           0x080092f1   Thumb Code    46  vl53l1_platform.o(i.VL53L1_WrDWord)
    VL53L1_WrWord                            0x08009325   Thumb Code    38  vl53l1_platform.o(i.VL53L1_WrWord)
    _I2CRead                                 0x08009431   Thumb Code    26  vl53l1_platform.o(i._I2CRead)
    _I2CWrite                                0x08009451   Thumb Code    46  vl53l1_platform.o(i._I2CWrite)
    __0vsprintf                              0x08009485   Thumb Code    30  printfa.o(i.__0vsprintf)
    __1vsprintf                              0x08009485   Thumb Code     0  printfa.o(i.__0vsprintf)
    __2vsprintf                              0x08009485   Thumb Code     0  printfa.o(i.__0vsprintf)
    __c89vsprintf                            0x08009485   Thumb Code     0  printfa.o(i.__0vsprintf)
    vsprintf                                 0x08009485   Thumb Code     0  printfa.o(i.__0vsprintf)
    __ARM_clz                                0x080094a9   Thumb Code    46  depilogue.o(i.__ARM_clz)
    __ARM_common_ll_muluu                    0x080094d7   Thumb Code    48  hw_rtc.o(i.__ARM_common_ll_muluu)
    __ARM_common_switch8                     0x08009507   Thumb Code    26  hts221_driver_hl.o(i.__ARM_common_switch8)
    __scatterload_copy                       0x08009521   Thumb Code    14  handlers.o(i.__scatterload_copy)
    __scatterload_null                       0x0800952f   Thumb Code     2  handlers.o(i.__scatterload_null)
    __scatterload_zeroinit                   0x08009531   Thumb Code    14  handlers.o(i.__scatterload_zeroinit)
    aes_encrypt                              0x08009df7   Thumb Code    84  aes.o(i.aes_encrypt)
    aes_set_key                              0x08009e4d   Thumb Code   248  aes.o(i.aes_set_key)
    ceil                                     0x08009f49   Thumb Code   180  ceil.o(i.ceil)
    certif_DownLinkIncrement                 0x0800a011   Thumb Code    10  lora-test.o(i.certif_DownLinkIncrement)
    certif_linkCheck                         0x0800a021   Thumb Code    16  lora-test.o(i.certif_linkCheck)
    certif_running                           0x0800a035   Thumb Code     6  lora-test.o(i.certif_running)
    certif_rx                                0x0800a041   Thumb Code   386  lora-test.o(i.certif_rx)
    floor                                    0x0800a341   Thumb Code   180  floor.o(i.floor)
    main                                     0x0800a409   Thumb Code   432  main.o(i.main)
    memcpy1                                  0x0800a61d   Thumb Code    22  utilities.o(i.memcpy1)
    memcpyr                                  0x0800a633   Thumb Code    26  utilities.o(i.memcpyr)
    memset1                                  0x0800a64d   Thumb Code    18  utilities.o(i.memset1)
    rand1                                    0x0800a879   Thumb Code    26  utilities.o(i.rand1)
    randr                                    0x0800a8a5   Thumb Code    22  utilities.o(i.randr)
    round                                    0x0800a8bd   Thumb Code   142  round.o(i.round)
    srand1                                   0x0800a9c1   Thumb Code     6  utilities.o(i.srand1)
    vcom_Init                                0x0800a9cd   Thumb Code    58  vcom.o(i.vcom_Init)
    vcom_IoInit                              0x0800aa11   Thumb Code    86  vcom.o(i.vcom_IoInit)
    vcom_Print                               0x0800aa6d   Thumb Code    72  vcom.o(i.vcom_Print)
    vcom_Send                                0x0800aac1   Thumb Code   114  vcom.o(i.vcom_Send)
    RadioRegsInit                            0x0800abc0   Data          48  sx1276.o(.constdata)
    FskBandwidths                            0x0800abf0   Data         176  sx1276.o(.constdata)
    Radio                                    0x0800aca0   Data         116  mlm32l07x01.o(.constdata)
    BUTTON_IRQn                              0x0800ad14   Data           1  b-l072z-lrwan1.o(.constdata)
    BUTTON_PIN                               0x0800ad16   Data           2  b-l072z-lrwan1.o(.constdata)
    LED_PIN                                  0x0800ad18   Data           8  b-l072z-lrwan1.o(.constdata)
    AHBPrescTable                            0x0800ad20   Data          16  system_stm32l0xx.o(.constdata)
    PLLMulTable                              0x0800ad30   Data           9  system_stm32l0xx.o(.constdata)
    APBPrescTable                            0x0800ad39   Data           8  system_stm32l0xx.o(.constdata)
    VL51L1X_DEFAULT_CONFIGURATION            0x0800b0d0   Data          91  vl53l1x_api.o(.constdata)
    Region$$Table$$Base                      0x0800b144   Number         0  anon$$obj.o(Region$$Table)
    Region$$Table$$Limit                     0x0800b164   Number         0  anon$$obj.o(Region$$Table)
    DioIrq                                   0x20000008   Data          24  sx1276.o(.data)
    BUTTON_PORT                              0x20000038   Data           4  b-l072z-lrwan1.o(.data)
    LED_PORT                                 0x2000003c   Data          16  b-l072z-lrwan1.o(.data)
    SystemCoreClock                          0x2000004c   Data           4  system_stm32l0xx.o(.data)
    uwTick                                   0x20000050   Data           4  stm32l0xx_hal.o(.data)
    TimeToSend                               0x20000058   Data           1  main.o(.data)
    Aliveframe                               0x20000059   Data           1  main.o(.data)
    dataReady                                0x2000005b   Data           1  main.o(.data)
    NobodyFlag                               0x2000005c   Data           1  main.o(.data)
    byteData                                 0x2000005d   Data           1  main.o(.data)
    dev                                      0x2000005e   Data           2  main.o(.data)
    PplCounter                               0x20000064   Data           4  main.o(.data)
    status                                   0x20000068   Data           4  main.o(.data)
    iw                                       0x200000a0   Data           2  vcom.o(.data)
    LoRaMacFlags                             0x200000f1   Data           1  loramac.o(.data)
    LoRaMacState                             0x2000010c   Data           4  loramac.o(.data)
    TxTimeOnAir                              0x20000110   Data           4  loramac.o(.data)
    SX1276                                   0x200002c4   Data         104  sx1276.o(.bss)
    TxTimeoutTimer                           0x2000032c   Data          20  sx1276.o(.bss)
    RxTimeoutTimer                           0x20000340   Data          20  sx1276.o(.bss)
    RxTimeoutSyncWord                        0x20000354   Data          20  sx1276.o(.bss)
    hi2c1                                    0x20000478   Data          76  main.o(.bss)
    _I2CBuffer                               0x200006fc   Data         256  vl53l1_platform.o(.bss)
    LoRaMacParams                            0x20000ba8   Data          56  loramac.o(.bss)
    LoRaMacParamsDefaults                    0x20000be0   Data          56  loramac.o(.bss)
    __initial_sp                             0x200013e8   Data           0  startup_stm32l072xx.o(STACK)



==============================================================================

Memory Map of the image

  Image Entry point : 0x080000c1

  Load Region LR_IROM1 (Base: 0x08000000, Size: 0x0000b328, Max: 0x00030000, ABSOLUTE, COMPRESSED[0x0000b1fc])

    Execution Region ER_IROM1 (Exec base: 0x08000000, Load base: 0x08000000, Size: 0x0000b164, Max: 0x00030000, ABSOLUTE)

    Exec Addr    Load Addr    Size         Type   Attr      Idx    E Section Name        Object

    0x08000000   0x08000000   0x000000c0   Data   RO         6094    RESET               startup_stm32l072xx.o
    0x080000c0   0x080000c0   0x00000000   Code   RO        10006  * .ARM.Collect$$$$00000000  mc_p.l(entry.o)
    0x080000c0   0x080000c0   0x00000004   Code   RO        10322    .ARM.Collect$$$$00000001  mc_p.l(entry2.o)
    0x080000c4   0x080000c4   0x00000004   Code   RO        10325    .ARM.Collect$$$$00000004  mc_p.l(entry5.o)
    0x080000c8   0x080000c8   0x00000000   Code   RO        10327    .ARM.Collect$$$$00000008  mc_p.l(entry7b.o)
    0x080000c8   0x080000c8   0x00000000   Code   RO        10329    .ARM.Collect$$$$0000000A  mc_p.l(entry8b.o)
    0x080000c8   0x080000c8   0x00000008   Code   RO        10330    .ARM.Collect$$$$0000000B  mc_p.l(entry9a.o)
    0x080000d0   0x080000d0   0x00000000   Code   RO        10332    .ARM.Collect$$$$0000000D  mc_p.l(entry10a.o)
    0x080000d0   0x080000d0   0x00000000   Code   RO        10334    .ARM.Collect$$$$0000000F  mc_p.l(entry11a.o)
    0x080000d0   0x080000d0   0x00000004   Code   RO        10323    .ARM.Collect$$$$00002712  mc_p.l(entry2.o)
    0x080000d4   0x080000d4   0x0000001c   Code   RO         6095    .text               startup_stm32l072xx.o
    0x080000f0   0x080000f0   0x0000002c   Code   RO        10009    .text               mc_p.l(uidiv.o)
    0x0800011c   0x0800011c   0x00000028   Code   RO        10011    .text               mc_p.l(idiv.o)
    0x08000144   0x08000144   0x00000060   Code   RO        10013    .text               mc_p.l(uldiv.o)
    0x080001a4   0x080001a4   0x00000024   Code   RO        10015    .text               mc_p.l(memcpya.o)
    0x080001c8   0x080001c8   0x00000024   Code   RO        10017    .text               mc_p.l(memseta.o)
    0x080001ec   0x080001ec   0x00000014   Code   RO        10282    .text               mc_p.l(uread4.o)
    0x08000200   0x08000200   0x000000b2   Code   RO        10284    .text               mf_p.l(fadd.o)
    0x080002b2   0x080002b2   0x00000002   PAD
    0x080002b4   0x080002b4   0x00000164   Code   RO        10292    .text               mf_p.l(dadd.o)
    0x08000418   0x08000418   0x000000d0   Code   RO        10294    .text               mf_p.l(dmul.o)
    0x080004e8   0x080004e8   0x000000f0   Code   RO        10296    .text               mf_p.l(ddiv.o)
    0x080005d8   0x080005d8   0x0000002c   Code   RO        10298    .text               mf_p.l(dscalb.o)
    0x08000604   0x08000604   0x0000000e   Code   RO        10302    .text               mf_p.l(ffltui.o)
    0x08000612   0x08000612   0x00000002   PAD
    0x08000614   0x08000614   0x00000028   Code   RO        10304    .text               mf_p.l(dflti.o)
    0x0800063c   0x0800063c   0x0000001c   Code   RO        10306    .text               mf_p.l(dfltui.o)
    0x08000658   0x08000658   0x00000048   Code   RO        10312    .text               mf_p.l(dfixi.o)
    0x080006a0   0x080006a0   0x0000003c   Code   RO        10314    .text               mf_p.l(dfixui.o)
    0x080006dc   0x080006dc   0x00000028   Code   RO        10316    .text               mf_p.l(f2d.o)
    0x08000704   0x08000704   0x00000028   Code   RO        10318    .text               mf_p.l(cdrcmple.o)
    0x0800072c   0x0800072c   0x00000020   Code   RO        10339    .text               mc_p.l(llshl.o)
    0x0800074c   0x0800074c   0x00000022   Code   RO        10341    .text               mc_p.l(llushr.o)
    0x0800076e   0x0800076e   0x00000026   Code   RO        10343    .text               mc_p.l(llsshr.o)
    0x08000794   0x08000794   0x00000000   Code   RO        10345    .text               mc_p.l(iusefp.o)
    0x08000794   0x08000794   0x00000082   Code   RO        10346    .text               mf_p.l(fepilogue.o)
    0x08000816   0x08000816   0x000000be   Code   RO        10348    .text               mf_p.l(depilogue.o)
    0x080008d4   0x080008d4   0x0000007c   Code   RO        10352    .text               mf_p.l(drnd.o)
    0x08000950   0x08000950   0x00000040   Code   RO        10354    .text               mf_p.l(dfixul.o)
    0x08000990   0x08000990   0x00000028   Code   RO        10356    .text               mf_p.l(cdcmple.o)
    0x080009b8   0x080009b8   0x00000024   Code   RO        10358    .text               mc_p.l(init.o)
    0x080009dc   0x080009dc   0x00000056   Code   RO        10370    .text               mc_p.l(__dczerorl2.o)
    0x08000a32   0x08000a32   0x00000002   PAD
    0x08000a34   0x08000a34   0x00000024   Code   RO         3485    i.ADC_DelayMicroSecond  stm32l0xx_hal_adc.o
    0x08000a58   0x08000a58   0x00000064   Code   RO         3487    i.ADC_Enable        stm32l0xx_hal_adc.o
    0x08000abc   0x08000abc   0x0000013c   Code   RO         9664    i.AES_CMAC_Final    cmac.o
    0x08000bf8   0x08000bf8   0x00000020   Code   RO         9665    i.AES_CMAC_Init     cmac.o
    0x08000c18   0x08000c18   0x00000010   Code   RO         9666    i.AES_CMAC_SetKey   cmac.o
    0x08000c28   0x08000c28   0x000000be   Code   RO         9667    i.AES_CMAC_Update   cmac.o
    0x08000ce6   0x08000ce6   0x00000002   PAD
    0x08000ce8   0x08000ce8   0x000000b8   Code   RO         7107    i.AddMacCommand     loramac.o
    0x08000da0   0x08000da0   0x00000064   Code   RO         2808    i.BSP_LED_Init      b-l072z-lrwan1.o
    0x08000e04   0x08000e04   0x00000020   Code   RO         2809    i.BSP_LED_Off       b-l072z-lrwan1.o
    0x08000e24   0x08000e24   0x00000020   Code   RO         2810    i.BSP_LED_On        b-l072z-lrwan1.o
    0x08000e44   0x08000e44   0x00000002   Code   RO         6101    i.BSP_sensor_Init   bsp.o
    0x08000e46   0x08000e46   0x0000009e   Code   RO         8499    i.CountNbOfEnabledChannels  regioneu868.o
    0x08000ee4   0x08000ee4   0x00000080   Code   RO         6133    i.DBG_Init          debug.o
    0x08000f64   0x08000f64   0x00000008   Code   RO         9360    i.DelayMs           delay.o
    0x08000f6c   0x08000f6c   0x00000010   Code   RO         6756    i.EXTI0_1_IRQHandler  mlm32l0xx_it.o
    0x08000f7c   0x08000f7c   0x00000010   Code   RO         6757    i.EXTI2_3_IRQHandler  mlm32l0xx_it.o
    0x08000f8c   0x08000f8c   0x0000005c   Code   RO         6758    i.EXTI4_15_IRQHandler  mlm32l0xx_it.o
    0x08000fe8   0x08000fe8   0x00000002   Code   RO         6134    i.Error_Handler     debug.o
    0x08000fea   0x08000fea   0x00000002   PAD
    0x08000fec   0x08000fec   0x00000024   Code   RO         8500    i.GetBandwidth      regioneu868.o
    0x08001010   0x08001010   0x0000002c   Code   RO         1710    i.GetFskBandwidthRegValue  sx1276.o
    0x0800103c   0x0800103c   0x000000aa   Code   RO         5475    i.HAL_ADCEx_Calibration_Start  stm32l0xx_hal_adc_ex.o
    0x080010e6   0x080010e6   0x00000002   PAD
    0x080010e8   0x080010e8   0x00000094   Code   RO         3489    i.HAL_ADC_ConfigChannel  stm32l0xx_hal_adc.o
    0x0800117c   0x0800117c   0x00000006   Code   RO         3496    i.HAL_ADC_GetValue  stm32l0xx_hal_adc.o
    0x08001182   0x08001182   0x00000002   PAD
    0x08001184   0x08001184   0x000001c4   Code   RO         3498    i.HAL_ADC_Init      stm32l0xx_hal_adc.o
    0x08001348   0x08001348   0x00000002   Code   RO         3501    i.HAL_ADC_MspInit   stm32l0xx_hal_adc.o
    0x0800134a   0x0800134a   0x000000be   Code   RO         3502    i.HAL_ADC_PollForConversion  stm32l0xx_hal_adc.o
    0x08001408   0x08001408   0x0000005c   Code   RO         3504    i.HAL_ADC_Start     stm32l0xx_hal_adc.o
    0x08001464   0x08001464   0x00000010   Code   RO         3892    i.HAL_DBGMCU_EnableDBGSleepMode  stm32l0xx_hal.o
    0x08001474   0x08001474   0x00000010   Code   RO         3893    i.HAL_DBGMCU_EnableDBGStandbyMode  stm32l0xx_hal.o
    0x08001484   0x08001484   0x00000010   Code   RO         3894    i.HAL_DBGMCU_EnableDBGStopMode  stm32l0xx_hal.o
    0x08001494   0x08001494   0x0000000a   Code   RO         6585    i.HAL_Delay         mlm32l0xx_hal_msp.o
    0x0800149e   0x0800149e   0x00000008   Code   RO         6586    i.HAL_GPIO_EXTI_Callback  mlm32l0xx_hal_msp.o
    0x080014a6   0x080014a6   0x00000002   PAD
    0x080014a8   0x080014a8   0x00000018   Code   RO         4156    i.HAL_GPIO_EXTI_IRQHandler  stm32l0xx_hal_gpio.o
    0x080014c0   0x080014c0   0x00000184   Code   RO         4157    i.HAL_GPIO_Init     stm32l0xx_hal_gpio.o
    0x08001644   0x08001644   0x0000000c   Code   RO         4161    i.HAL_GPIO_WritePin  stm32l0xx_hal_gpio.o
    0x08001650   0x08001650   0x0000000c   Code   RO         3900    i.HAL_GetTick       stm32l0xx_hal.o
    0x0800165c   0x0800165c   0x0000004a   Code   RO         6044    i.HAL_I2CEx_ConfigAnalogFilter  stm32l0xx_hal_i2c_ex.o
    0x080016a6   0x080016a6   0x00000048   Code   RO         6045    i.HAL_I2CEx_ConfigDigitalFilter  stm32l0xx_hal_i2c_ex.o
    0x080016ee   0x080016ee   0x00000002   PAD
    0x080016f0   0x080016f0   0x000000b4   Code   RO         5602    i.HAL_I2C_Init      stm32l0xx_hal_i2c.o
    0x080017a4   0x080017a4   0x00000110   Code   RO         5608    i.HAL_I2C_Master_Receive  stm32l0xx_hal_i2c.o
    0x080018b4   0x080018b4   0x00000110   Code   RO         5615    i.HAL_I2C_Master_Transmit  stm32l0xx_hal_i2c.o
    0x080019c4   0x080019c4   0x00000060   Code   RO         6587    i.HAL_I2C_MspInit   mlm32l0xx_hal_msp.o
    0x08001a24   0x08001a24   0x00000010   Code   RO         3901    i.HAL_IncTick       stm32l0xx_hal.o
    0x08001a34   0x08001a34   0x00000020   Code   RO         3902    i.HAL_Init          stm32l0xx_hal.o
    0x08001a54   0x08001a54   0x00000004   Code   RO         6588    i.HAL_InitTick      mlm32l0xx_hal_msp.o
    0x08001a58   0x08001a58   0x00000038   Code   RO         6589    i.HAL_MspInit       mlm32l0xx_hal_msp.o
    0x08001a90   0x08001a90   0x00000014   Code   RO         4055    i.HAL_NVIC_ClearPendingIRQ  stm32l0xx_hal_cortex.o
    0x08001aa4   0x08001aa4   0x00000014   Code   RO         4057    i.HAL_NVIC_EnableIRQ  stm32l0xx_hal_cortex.o
    0x08001ab8   0x08001ab8   0x00000014   Code   RO         4060    i.HAL_NVIC_SetPendingIRQ  stm32l0xx_hal_cortex.o
    0x08001acc   0x08001acc   0x00000008   Code   RO         4061    i.HAL_NVIC_SetPriority  stm32l0xx_hal_cortex.o
    0x08001ad4   0x08001ad4   0x00000010   Code   RO         4414    i.HAL_PWREx_EnableFastWakeUp  stm32l0xx_hal_pwr_ex.o
    0x08001ae4   0x08001ae4   0x00000010   Code   RO         4416    i.HAL_PWREx_EnableUltraLowPower  stm32l0xx_hal_pwr_ex.o
    0x08001af4   0x08001af4   0x00000010   Code   RO         4298    i.HAL_PWR_DisablePVD  stm32l0xx_hal_pwr.o
    0x08001b04   0x08001b04   0x000001c0   Code   RO         3774    i.HAL_RCCEx_GetPeriphCLKFreq  stm32l0xx_hal_rcc_ex.o
    0x08001cc4   0x08001cc4   0x0000018c   Code   RO         3777    i.HAL_RCCEx_PeriphCLKConfig  stm32l0xx_hal_rcc_ex.o
    0x08001e50   0x08001e50   0x00000168   Code   RO         3663    i.HAL_RCC_ClockConfig  stm32l0xx_hal_rcc.o
    0x08001fb8   0x08001fb8   0x00000020   Code   RO         3669    i.HAL_RCC_GetPCLK1Freq  stm32l0xx_hal_rcc.o
    0x08001fd8   0x08001fd8   0x00000020   Code   RO         3670    i.HAL_RCC_GetPCLK2Freq  stm32l0xx_hal_rcc.o
    0x08001ff8   0x08001ff8   0x00000078   Code   RO         3671    i.HAL_RCC_GetSysClockFreq  stm32l0xx_hal_rcc.o
    0x08002070   0x08002070   0x0000045c   Code   RO         3674    i.HAL_RCC_OscConfig  stm32l0xx_hal_rcc.o
    0x080024cc   0x080024cc   0x0000003c   Code   RO         4609    i.HAL_RTCEx_EnableBypassShadow  stm32l0xx_hal_rtc_ex.o
    0x08002508   0x08002508   0x00000008   Code   RO         6590    i.HAL_RTC_AlarmAEventCallback  mlm32l0xx_hal_msp.o
    0x08002510   0x08002510   0x000000b8   Code   RO         4470    i.HAL_RTC_DeactivateAlarm  stm32l0xx_hal_rtc.o
    0x080025c8   0x080025c8   0x00000044   Code   RO         4472    i.HAL_RTC_GetDate   stm32l0xx_hal_rtc.o
    0x0800260c   0x0800260c   0x0000005c   Code   RO         4474    i.HAL_RTC_GetTime   stm32l0xx_hal_rtc.o
    0x08002668   0x08002668   0x000000a4   Code   RO         4475    i.HAL_RTC_Init      stm32l0xx_hal_rtc.o
    0x0800270c   0x0800270c   0x0000005c   Code   RO         6592    i.HAL_RTC_MspInit   mlm32l0xx_hal_msp.o
    0x08002768   0x08002768   0x000001a0   Code   RO         4480    i.HAL_RTC_SetAlarm_IT  stm32l0xx_hal_rtc.o
    0x08002908   0x08002908   0x000000cc   Code   RO         4481    i.HAL_RTC_SetDate   stm32l0xx_hal_rtc.o
    0x080029d4   0x080029d4   0x000000f0   Code   RO         4482    i.HAL_RTC_SetTime   stm32l0xx_hal_rtc.o
    0x08002ac4   0x08002ac4   0x00000034   Code   RO         4483    i.HAL_RTC_WaitForSynchro  stm32l0xx_hal_rtc.o
    0x08002af8   0x08002af8   0x00000084   Code   RO         2912    i.HAL_SPI_Init      stm32l0xx_hal_spi.o
    0x08002b7c   0x08002b7c   0x00000002   Code   RO         2914    i.HAL_SPI_MspInit   stm32l0xx_hal_spi.o
    0x08002b7e   0x08002b7e   0x000002b8   Code   RO         2921    i.HAL_SPI_TransmitReceive  stm32l0xx_hal_spi.o
    0x08002e36   0x08002e36   0x0000006c   Code   RO         3165    i.HAL_UART_Init     stm32l0xx_hal_uart.o
    0x08002ea2   0x08002ea2   0x00000002   PAD
    0x08002ea4   0x08002ea4   0x00000018   Code   RO         6504    i.HAL_UART_MspInit  vcom.o
    0x08002ebc   0x08002ebc   0x000000c8   Code   RO         3173    i.HAL_UART_Transmit  stm32l0xx_hal_uart.o
    0x08002f84   0x08002f84   0x0000005c   Code   RO         6654    i.HW_AdcInit        mlm32l0xx_hw.o
    0x08002fe0   0x08002fe0   0x00000094   Code   RO         6655    i.HW_AdcReadChannel  mlm32l0xx_hw.o
    0x08003074   0x08003074   0x00000038   Code   RO         6159    i.HW_GPIO_GetBitPos  hw_gpio.o
    0x080030ac   0x080030ac   0x00000054   Code   RO         6160    i.HW_GPIO_Init      hw_gpio.o
    0x08003100   0x08003100   0x00000018   Code   RO         6161    i.HW_GPIO_IrqHandler  hw_gpio.o
    0x08003118   0x08003118   0x0000003c   Code   RO         6163    i.HW_GPIO_SetIrq    hw_gpio.o
    0x08003154   0x08003154   0x0000000a   Code   RO         6164    i.HW_GPIO_Write     hw_gpio.o
    0x0800315e   0x0800315e   0x00000002   PAD
    0x08003160   0x08003160   0x00000050   Code   RO         6657    i.HW_GetBatteryLevel  mlm32l0xx_hw.o
    0x080031b0   0x080031b0   0x00000014   Code   RO         6658    i.HW_GetRandomSeed  mlm32l0xx_hw.o
    0x080031c4   0x080031c4   0x00000058   Code   RO         6659    i.HW_GetTemperatureLevel  mlm32l0xx_hw.o
    0x0800321c   0x0800321c   0x00000044   Code   RO         6660    i.HW_GetUniqueId    mlm32l0xx_hw.o
    0x08003260   0x08003260   0x000000b0   Code   RO         6661    i.HW_GpioInit       mlm32l0xx_hw.o
    0x08003310   0x08003310   0x0000004c   Code   RO         6662    i.HW_Init           mlm32l0xx_hw.o
    0x0800335c   0x0800335c   0x00000026   Code   RO         6210    i.HW_RTC_DelayMs    hw_rtc.o
    0x08003382   0x08003382   0x00000002   PAD
    0x08003384   0x08003384   0x000000a4   Code   RO         6211    i.HW_RTC_GetCalendarValue  hw_rtc.o
    0x08003428   0x08003428   0x00000004   Code   RO         6212    i.HW_RTC_GetMinimumTimeout  hw_rtc.o
    0x0800342c   0x0800342c   0x0000000c   Code   RO         6213    i.HW_RTC_GetTimerContext  hw_rtc.o
    0x08003438   0x08003438   0x0000001c   Code   RO         6214    i.HW_RTC_GetTimerElapsedTime  hw_rtc.o
    0x08003454   0x08003454   0x00000010   Code   RO         6215    i.HW_RTC_GetTimerValue  hw_rtc.o
    0x08003464   0x08003464   0x0000002c   Code   RO         6216    i.HW_RTC_Init       hw_rtc.o
    0x08003490   0x08003490   0x00000040   Code   RO         6217    i.HW_RTC_IrqHandler  hw_rtc.o
    0x080034d0   0x080034d0   0x0000003c   Code   RO         6218    i.HW_RTC_SetAlarm   hw_rtc.o
    0x0800350c   0x0800350c   0x00000060   Code   RO         6219    i.HW_RTC_SetConfig  hw_rtc.o
    0x0800356c   0x0800356c   0x00000018   Code   RO         6220    i.HW_RTC_SetTimerContext  hw_rtc.o
    0x08003584   0x08003584   0x00000134   Code   RO         6221    i.HW_RTC_StartWakeUpAlarm  hw_rtc.o
    0x080036b8   0x080036b8   0x0000002c   Code   RO         6222    i.HW_RTC_StopAlarm  hw_rtc.o
    0x080036e4   0x080036e4   0x00000010   Code   RO         6223    i.HW_RTC_Tick2ms    hw_rtc.o
    0x080036f4   0x080036f4   0x00000010   Code   RO         6225    i.HW_RTC_ms2Tick    hw_rtc.o
    0x08003704   0x08003704   0x00000020   Code   RO         6333    i.HW_SPI_InOut      hw_spi.o
    0x08003724   0x08003724   0x00000084   Code   RO         6334    i.HW_SPI_Init       hw_spi.o
    0x080037a8   0x080037a8   0x00000060   Code   RO         6336    i.HW_SPI_IoInit     hw_spi.o
    0x08003808   0x08003808   0x00000004   Code   RO         6759    i.HardFault_Handler  mlm32l0xx_it.o
    0x0800380c   0x0800380c   0x00000022   Code   RO         5649    i.I2C_Flush_TXDR    stm32l0xx_hal_i2c.o
    0x0800382e   0x0800382e   0x00000002   PAD
    0x08003830   0x08003830   0x00000070   Code   RO         5657    i.I2C_IsAcknowledgeFailed  stm32l0xx_hal_i2c.o
    0x080038a0   0x080038a0   0x00000028   Code   RO         5664    i.I2C_TransferConfig  stm32l0xx_hal_i2c.o
    0x080038c8   0x080038c8   0x0000004e   Code   RO         5665    i.I2C_WaitOnFlagUntilTimeout  stm32l0xx_hal_i2c.o
    0x08003916   0x08003916   0x00000002   PAD
    0x08003918   0x08003918   0x00000080   Code   RO         5666    i.I2C_WaitOnRXNEFlagUntilTimeout  stm32l0xx_hal_i2c.o
    0x08003998   0x08003998   0x0000004c   Code   RO         5667    i.I2C_WaitOnSTOPFlagUntilTimeout  stm32l0xx_hal_i2c.o
    0x080039e4   0x080039e4   0x00000050   Code   RO         5668    i.I2C_WaitOnTXISFlagUntilTimeout  stm32l0xx_hal_i2c.o
    0x08003a34   0x08003a34   0x00000044   Code   RO         6378    i.LORA_ConfirmClass  main.o
    0x08003a78   0x08003a78   0x0000001c   Code   RO         6379    i.LORA_HasJoined    main.o
    0x08003a94   0x08003a94   0x000000c4   Code   RO         6978    i.LORA_Init         lora.o
    0x08003b58   0x08003b58   0x0000003c   Code   RO         6979    i.LORA_Join         lora.o
    0x08003b94   0x08003b94   0x00000018   Code   RO         6980    i.LORA_JoinStatus   lora.o
    0x08003bac   0x08003bac   0x0000006c   Code   RO         6981    i.LORA_RequestClass  lora.o
    0x08003c18   0x08003c18   0x00000084   Code   RO         6380    i.LORA_RxData       main.o
    0x08003c9c   0x08003c9c   0x00000018   Code   RO         6381    i.LORA_TxNeeded     main.o
    0x08003cb4   0x08003cb4   0x00000080   Code   RO         6982    i.LORA_send         lora.o
    0x08003d34   0x08003d34   0x00000028   Code   RO         9392    i.LPM_GetMode       low_power_manager.o
    0x08003d5c   0x08003d5c   0x00000028   Code   RO         9393    i.LPM_SetOffMode    low_power_manager.o
    0x08003d84   0x08003d84   0x00000028   Code   RO         9394    i.LPM_SetStopMode   low_power_manager.o
    0x08003dac   0x08003dac   0x0000007c   Code   RO         7349    i.LoRaMacComputeMic  loramaccrypto.o
    0x08003e28   0x08003e28   0x00000238   Code   RO         7110    i.LoRaMacInitialization  loramac.o
    0x08004060   0x08004060   0x00000048   Code   RO         7350    i.LoRaMacJoinComputeMic  loramaccrypto.o
    0x080040a8   0x080040a8   0x00000088   Code   RO         7351    i.LoRaMacJoinComputeSKeys  loramaccrypto.o
    0x08004130   0x08004130   0x00000040   Code   RO         7352    i.LoRaMacJoinDecrypt  loramaccrypto.o
    0x08004170   0x08004170   0x0000012c   Code   RO         7111    i.LoRaMacMcpsRequest  loramac.o
    0x0800429c   0x0800429c   0x000000fc   Code   RO         7112    i.LoRaMacMibGetRequestConfirm  loramac.o
    0x08004398   0x08004398   0x0000024c   Code   RO         7113    i.LoRaMacMibSetRequestConfirm  loramac.o
    0x080045e4   0x080045e4   0x000000fc   Code   RO         7114    i.LoRaMacMlmeRequest  loramac.o
    0x080046e0   0x080046e0   0x00000010   Code   RO         7353    i.LoRaMacPayloadDecrypt  loramaccrypto.o
    0x080046f0   0x080046f0   0x000000c0   Code   RO         7354    i.LoRaMacPayloadEncrypt  loramaccrypto.o
    0x080047b0   0x080047b0   0x000000b8   Code   RO         7117    i.LoRaMacQueryTxPossible  loramac.o
    0x08004868   0x08004868   0x00000020   Code   RO         7120    i.LoRaMacTestSetDutyCycleOn  loramac.o
    0x08004888   0x08004888   0x00000030   Code   RO         6593    i.MSP_GetIRQn       mlm32l0xx_hal_msp.o
    0x080048b8   0x080048b8   0x00000040   Code   RO         6382    i.MX_GPIO_Init      main.o
    0x080048f8   0x080048f8   0x00000058   Code   RO         6383    i.MX_I2C1_Init      main.o
    0x08004950   0x08004950   0x00000002   Code   RO         6983    i.McpsConfirm       lora.o
    0x08004952   0x08004952   0x00000002   PAD
    0x08004954   0x08004954   0x00000058   Code   RO         6984    i.McpsIndication    lora.o
    0x080049ac   0x080049ac   0x00000040   Code   RO         6985    i.MlmeConfirm       lora.o
    0x080049ec   0x080049ec   0x00000014   Code   RO         6986    i.MlmeIndication    lora.o
    0x08004a00   0x08004a00   0x00000002   Code   RO         6761    i.NMI_Handler       mlm32l0xx_it.o
    0x08004a02   0x08004a02   0x00000002   PAD
    0x08004a04   0x08004a04   0x00000044   Code   RO         4067    i.NVIC_SetPriority  stm32l0xx_hal_cortex.o
    0x08004a48   0x08004a48   0x00000038   Code   RO         7122    i.OnAckTimeoutTimerEvent  loramac.o
    0x08004a80   0x08004a80   0x00000008   Code   RO         7056    i.OnCertifTxNextPacketTimerEvent  lora-test.o
    0x08004a88   0x08004a88   0x00000248   Code   RO         7123    i.OnMacStateCheckTimerEvent  loramac.o
    0x08004cd0   0x08004cd0   0x000004d8   Code   RO         7124    i.OnRadioRxDone     loramac.o
    0x080051a8   0x080051a8   0x00000080   Code   RO         7125    i.OnRadioRxError    loramac.o
    0x08005228   0x08005228   0x00000080   Code   RO         7126    i.OnRadioRxTimeout  loramac.o
    0x080052a8   0x080052a8   0x000000ec   Code   RO         7127    i.OnRadioTxDone     loramac.o
    0x08005394   0x08005394   0x0000003c   Code   RO         7128    i.OnRadioTxTimeout  loramac.o
    0x080053d0   0x080053d0   0x00000060   Code   RO         7129    i.OnRxWindow1TimerEvent  loramac.o
    0x08005430   0x08005430   0x00000060   Code   RO         7130    i.OnRxWindow2TimerEvent  loramac.o
    0x08005490   0x08005490   0x00000028   Code   RO         6384    i.OnTimerLedEvent   main.o
    0x080054b8   0x080054b8   0x00000024   Code   RO         7131    i.OnTxDelayedTimerEvent  loramac.o
    0x080054dc   0x080054dc   0x0000000c   Code   RO         6385    i.OnTxTimerEvent    main.o
    0x080054e8   0x080054e8   0x00000014   Code   RO         7132    i.OpenContinuousRx2Window  loramac.o
    0x080054fc   0x080054fc   0x00000054   Code   RO         7133    i.ParseMacCommandsToRepeat  loramac.o
    0x08005550   0x08005550   0x00000002   Code   RO         6762    i.PendSV_Handler    mlm32l0xx_it.o
    0x08005552   0x08005552   0x00000002   PAD
    0x08005554   0x08005554   0x00000280   Code   RO         7134    i.PrepareFrame      loramac.o
    0x080057d4   0x080057d4   0x0000003c   Code   RO         7135    i.PrepareRxDoneAbort  loramac.o
    0x08005810   0x08005810   0x000002bc   Code   RO         7136    i.ProcessMacCommands  loramac.o
    0x08005acc   0x08005acc   0x000000d0   Code   RO         6386    i.ProcessPeopleCountingData  main.o
    0x08005b9c   0x08005b9c   0x00000070   Code   RO         3675    i.RCC_SetFlashLatencyFromMSIRange  stm32l0xx_hal_rcc.o
    0x08005c0c   0x08005c0c   0x00000010   Code   RO         4484    i.RTC_Bcd2ToByte    stm32l0xx_hal_rtc.o
    0x08005c1c   0x08005c1c   0x00000016   Code   RO         4485    i.RTC_ByteToBcd2    stm32l0xx_hal_rtc.o
    0x08005c32   0x08005c32   0x00000038   Code   RO         4486    i.RTC_EnterInitMode  stm32l0xx_hal_rtc.o
    0x08005c6a   0x08005c6a   0x00000008   Code   RO         6763    i.RTC_IRQHandler    mlm32l0xx_it.o
    0x08005c72   0x08005c72   0x0000001e   Code   RO         7408    i.RegionAdrNext     region.o
    0x08005c90   0x08005c90   0x00000012   Code   RO         7409    i.RegionAlternateDr  region.o
    0x08005ca2   0x08005ca2   0x0000000e   Code   RO         7410    i.RegionApplyCFList  region.o
    0x08005cb0   0x08005cb0   0x0000001a   Code   RO         7411    i.RegionApplyDrOffset  region.o
    0x08005cca   0x08005cca   0x0000000e   Code   RO         7412    i.RegionCalcBackOff  region.o
    0x08005cd8   0x08005cd8   0x00000012   Code   RO         7413    i.RegionChanMaskSet  region.o
    0x08005cea   0x08005cea   0x0000005c   Code   RO         8228    i.RegionCommonCalcBackOff  regioncommon.o
    0x08005d46   0x08005d46   0x00000026   Code   RO         8229    i.RegionCommonChanDisable  regioncommon.o
    0x08005d6c   0x08005d6c   0x0000001e   Code   RO         8230    i.RegionCommonChanMaskCopy  regioncommon.o
    0x08005d8a   0x08005d8a   0x00000060   Code   RO         8231    i.RegionCommonChanVerifyDr  regioncommon.o
    0x08005dea   0x08005dea   0x00000090   Code   RO         8232    i.RegionCommonComputeRxWindowParameters  regioncommon.o
    0x08005e7a   0x08005e7a   0x00000002   PAD
    0x08005e7c   0x08005e7c   0x00000018   Code   RO         8233    i.RegionCommonComputeSymbolTimeFsk  regioncommon.o
    0x08005e94   0x08005e94   0x0000002c   Code   RO         8234    i.RegionCommonComputeSymbolTimeLoRa  regioncommon.o
    0x08005ec0   0x08005ec0   0x00000028   Code   RO         8235    i.RegionCommonComputeTxPower  regioncommon.o
    0x08005ee8   0x08005ee8   0x00000044   Code   RO         8236    i.RegionCommonCountChannels  regioncommon.o
    0x08005f2c   0x08005f2c   0x00000028   Code   RO         8237    i.RegionCommonGetJoinDc  regioncommon.o
    0x08005f54   0x08005f54   0x00000098   Code   RO         8238    i.RegionCommonLinkAdrReqVerifyParams  regioncommon.o
    0x08005fec   0x08005fec   0x00000036   Code   RO         8239    i.RegionCommonParseLinkAdrReq  regioncommon.o
    0x08006022   0x08006022   0x0000000a   Code   RO         8240    i.RegionCommonSetBandTxDone  regioncommon.o
    0x0800602c   0x0800602c   0x000000bc   Code   RO         8241    i.RegionCommonUpdateBandTimeOff  regioncommon.o
    0x080060e8   0x080060e8   0x00000010   Code   RO         8242    i.RegionCommonValueInRange  regioncommon.o
    0x080060f8   0x080060f8   0x0000001a   Code   RO         7416    i.RegionComputeRxWindowParameters  region.o
    0x08006112   0x08006112   0x00000012   Code   RO         7417    i.RegionDlChannelReq  region.o
    0x08006124   0x08006124   0x00000078   Code   RO         8501    i.RegionEU868AdrNext  regioneu868.o
    0x0800619c   0x0800619c   0x00000002   Code   RO         8502    i.RegionEU868AlternateDr  regioneu868.o
    0x0800619e   0x0800619e   0x00000074   Code   RO         8503    i.RegionEU868ApplyCFList  regioneu868.o
    0x08006212   0x08006212   0x0000000e   Code   RO         8504    i.RegionEU868ApplyDrOffset  regioneu868.o
    0x08006220   0x08006220   0x00000038   Code   RO         8505    i.RegionEU868CalcBackOff  regioneu868.o
    0x08006258   0x08006258   0x0000002c   Code   RO         8506    i.RegionEU868ChanMaskSet  regioneu868.o
    0x08006284   0x08006284   0x000000dc   Code   RO         8507    i.RegionEU868ChannelAdd  regioneu868.o
    0x08006360   0x08006360   0x00000030   Code   RO         8508    i.RegionEU868ChannelsRemove  regioneu868.o
    0x08006390   0x08006390   0x00000064   Code   RO         8509    i.RegionEU868ComputeRxWindowParameters  regioneu868.o
    0x080063f4   0x080063f4   0x0000003c   Code   RO         8510    i.RegionEU868DlChannelReq  regioneu868.o
    0x08006430   0x08006430   0x000000c8   Code   RO         8511    i.RegionEU868GetPhyParam  regioneu868.o
    0x080064f8   0x080064f8   0x00000058   Code   RO         8512    i.RegionEU868InitDefaults  regioneu868.o
    0x08006550   0x08006550   0x00000128   Code   RO         8513    i.RegionEU868LinkAdrReq  regioneu868.o
    0x08006678   0x08006678   0x00000048   Code   RO         8514    i.RegionEU868NewChannelReq  regioneu868.o
    0x080066c0   0x080066c0   0x000000bc   Code   RO         8515    i.RegionEU868NextChannel  regioneu868.o
    0x0800677c   0x0800677c   0x000000e0   Code   RO         8516    i.RegionEU868RxConfig  regioneu868.o
    0x0800685c   0x0800685c   0x00000044   Code   RO         8517    i.RegionEU868RxParamSetupReq  regioneu868.o
    0x080068a0   0x080068a0   0x00000028   Code   RO         8518    i.RegionEU868SetBandTxDone  regioneu868.o
    0x080068c8   0x080068c8   0x00000048   Code   RO         8519    i.RegionEU868SetContinuousWave  regioneu868.o
    0x08006910   0x08006910   0x000000dc   Code   RO         8520    i.RegionEU868TxConfig  regioneu868.o
    0x080069ec   0x080069ec   0x00000006   Code   RO         8521    i.RegionEU868TxParamSetupReq  regioneu868.o
    0x080069f2   0x080069f2   0x00000036   Code   RO         8522    i.RegionEU868Verify  regioneu868.o
    0x08006a28   0x08006a28   0x00000014   Code   RO         7418    i.RegionGetPhyParam  region.o
    0x08006a3c   0x08006a3c   0x0000000e   Code   RO         7419    i.RegionInitDefaults  region.o
    0x08006a4a   0x08006a4a   0x0000000c   Code   RO         7420    i.RegionIsActive    region.o
    0x08006a56   0x08006a56   0x00000022   Code   RO         7421    i.RegionLinkAdrReq  region.o
    0x08006a78   0x08006a78   0x00000012   Code   RO         7422    i.RegionNewChannelReq  region.o
    0x08006a8a   0x08006a8a   0x0000001e   Code   RO         7423    i.RegionNextChannel  region.o
    0x08006aa8   0x08006aa8   0x00000016   Code   RO         7424    i.RegionRxConfig    region.o
    0x08006abe   0x08006abe   0x00000012   Code   RO         7425    i.RegionRxParamSetupReq  region.o
    0x08006ad0   0x08006ad0   0x0000000e   Code   RO         7426    i.RegionSetBandTxDone  region.o
    0x08006ade   0x08006ade   0x0000000e   Code   RO         7427    i.RegionSetContinuousWave  region.o
    0x08006aec   0x08006aec   0x0000001a   Code   RO         7428    i.RegionTxConfig    region.o
    0x08006b06   0x08006b06   0x00000012   Code   RO         7429    i.RegionTxParamSetupReq  region.o
    0x08006b18   0x08006b18   0x00000016   Code   RO         7430    i.RegionVerify      region.o
    0x08006b2e   0x08006b2e   0x00000002   PAD
    0x08006b30   0x08006b30   0x00000088   Code   RO         7137    i.ResetMacParameters  loramac.o
    0x08006bb8   0x08006bb8   0x00000094   Code   RO         1711    i.RxChainCalibration  sx1276.o
    0x08006c4c   0x08006c4c   0x00000018   Code   RO         7138    i.RxWindowSetup     loramac.o
    0x08006c64   0x08006c64   0x000000b2   Code   RO         2942    i.SPI_WaitOnFlagUntilTimeout  stm32l0xx_hal_spi.o
    0x08006d16   0x08006d16   0x00000002   Code   RO         6764    i.SVC_Handler       mlm32l0xx_it.o
    0x08006d18   0x08006d18   0x0000000c   Code   RO         1712    i.SX1276BoardInit   sx1276.o
    0x08006d24   0x08006d24   0x00000004   Code   RO         2719    i.SX1276CheckRfFrequency  mlm32l07x01.o
    0x08006d28   0x08006d28   0x0000000c   Code   RO         2720    i.SX1276GetPaSelect  mlm32l07x01.o
    0x08006d34   0x08006d34   0x0000000c   Code   RO         1713    i.SX1276GetStatus   sx1276.o
    0x08006d40   0x08006d40   0x000001e4   Code   RO         1714    i.SX1276GetTimeOnAir  sx1276.o
    0x08006f24   0x08006f24   0x00000004   Code   RO         2721    i.SX1276GetWakeTime  mlm32l07x01.o
    0x08006f28   0x08006f28   0x00000014   Code   RO         1715    i.SX1276GetWakeupTime  sx1276.o
    0x08006f3c   0x08006f3c   0x0000008c   Code   RO         1716    i.SX1276Init        sx1276.o
    0x08006fc8   0x08006fc8   0x00000050   Code   RO         2722    i.SX1276IoDeInit    mlm32l07x01.o
    0x08007018   0x08007018   0x00000070   Code   RO         2723    i.SX1276IoInit      mlm32l07x01.o
    0x08007088   0x08007088   0x00000044   Code   RO         2724    i.SX1276IoIrqInit   mlm32l07x01.o
    0x080070cc   0x080070cc   0x0000004e   Code   RO         1717    i.SX1276IsChannelFree  sx1276.o
    0x0800711a   0x0800711a   0x00000002   PAD
    0x0800711c   0x0800711c   0x0000027c   Code   RO         1718    i.SX1276OnDio0Irq   sx1276.o
    0x08007398   0x08007398   0x000000d8   Code   RO         1719    i.SX1276OnDio1Irq   sx1276.o
    0x08007470   0x08007470   0x000000b4   Code   RO         1720    i.SX1276OnDio2Irq   sx1276.o
    0x08007524   0x08007524   0x00000054   Code   RO         1721    i.SX1276OnDio3Irq   sx1276.o
    0x08007578   0x08007578   0x0000001c   Code   RO         1722    i.SX1276OnDio4Irq   sx1276.o
    0x08007594   0x08007594   0x000000c8   Code   RO         1724    i.SX1276OnTimeoutIrq  sx1276.o
    0x0800765c   0x0800765c   0x0000003e   Code   RO         1725    i.SX1276Random      sx1276.o
    0x0800769a   0x0800769a   0x00000010   Code   RO         1726    i.SX1276Read        sx1276.o
    0x080076aa   0x080076aa   0x00000042   Code   RO         1727    i.SX1276ReadBuffer  sx1276.o
    0x080076ec   0x080076ec   0x0000000e   Code   RO         1728    i.SX1276ReadFifo    sx1276.o
    0x080076fa   0x080076fa   0x00000002   PAD
    0x080076fc   0x080076fc   0x00000044   Code   RO         1729    i.SX1276ReadRssi    sx1276.o
    0x08007740   0x08007740   0x00000050   Code   RO         1730    i.SX1276Reset       sx1276.o
    0x08007790   0x08007790   0x000000f0   Code   RO         1731    i.SX1276Send        sx1276.o
    0x08007880   0x08007880   0x00000044   Code   RO         2725    i.SX1276SetAntSw    mlm32l07x01.o
    0x080078c4   0x080078c4   0x00000074   Code   RO         2726    i.SX1276SetAntSwLowPower  mlm32l07x01.o
    0x08007938   0x08007938   0x00000050   Code   RO         1732    i.SX1276SetChannel  sx1276.o
    0x08007988   0x08007988   0x00000030   Code   RO         1733    i.SX1276SetMaxPayloadLength  sx1276.o
    0x080079b8   0x080079b8   0x00000070   Code   RO         1734    i.SX1276SetModem    sx1276.o
    0x08007a28   0x08007a28   0x0000005c   Code   RO         1735    i.SX1276SetOpMode   sx1276.o
    0x08007a84   0x08007a84   0x00000024   Code   RO         1736    i.SX1276SetPublicNetwork  sx1276.o
    0x08007aa8   0x08007aa8   0x00000098   Code   RO         2727    i.SX1276SetRfTxPower  mlm32l07x01.o
    0x08007b40   0x08007b40   0x000001fc   Code   RO         1737    i.SX1276SetRx       sx1276.o
    0x08007d3c   0x08007d3c   0x00000288   Code   RO         1738    i.SX1276SetRxConfig  sx1276.o
    0x08007fc4   0x08007fc4   0x00000024   Code   RO         1739    i.SX1276SetSleep    sx1276.o
    0x08007fe8   0x08007fe8   0x00000024   Code   RO         1740    i.SX1276SetStby     sx1276.o
    0x0800800c   0x0800800c   0x000000a4   Code   RO         1741    i.SX1276SetTx       sx1276.o
    0x080080b0   0x080080b0   0x000001fc   Code   RO         1742    i.SX1276SetTxConfig  sx1276.o
    0x080082ac   0x080082ac   0x0000007c   Code   RO         1743    i.SX1276SetTxContinuousWave  sx1276.o
    0x08008328   0x08008328   0x00000028   Code   RO         2728    i.SX1276SetXO       mlm32l07x01.o
    0x08008350   0x08008350   0x00000038   Code   RO         1744    i.SX1276StartCad    sx1276.o
    0x08008388   0x08008388   0x0000000c   Code   RO         1745    i.SX1276Write       sx1276.o
    0x08008394   0x08008394   0x00000042   Code   RO         1746    i.SX1276WriteBuffer  sx1276.o
    0x080083d6   0x080083d6   0x0000000e   Code   RO         1747    i.SX1276WriteFifo   sx1276.o
    0x080083e4   0x080083e4   0x00000130   Code   RO         7139    i.ScheduleTx        loramac.o
    0x08008514   0x08008514   0x0000005c   Code   RO         6387    i.Send              main.o
    0x08008570   0x08008570   0x00000040   Code   RO         7140    i.Send              loramac.o
    0x080085b0   0x080085b0   0x00000090   Code   RO         7141    i.SendFrameOnChannel  loramac.o
    0x08008640   0x08008640   0x00000018   Code   RO         7142    i.SetMlmeScheduleUplinkIndication  loramac.o
    0x08008658   0x08008658   0x00000054   Code   RO         7143    i.SetTxContinuousWave  loramac.o
    0x080086ac   0x080086ac   0x0000003c   Code   RO         7144    i.SetTxContinuousWave1  loramac.o
    0x080086e8   0x080086e8   0x00000008   Code   RO         6765    i.SysTick_Handler   mlm32l0xx_it.o
    0x080086f0   0x080086f0   0x0000008c   Code   RO         6666    i.SystemClock_Config  mlm32l0xx_hw.o
    0x0800877c   0x0800877c   0x00000054   Code   RO         2871    i.SystemInit        system_stm32l0xx.o
    0x080087d0   0x080087d0   0x0000000c   Code   RO         9461    i.TimerGetCurrentTime  timeserver.o
    0x080087dc   0x080087dc   0x00000018   Code   RO         9462    i.TimerGetElapsedTime  timeserver.o
    0x080087f4   0x080087f4   0x0000000e   Code   RO         9463    i.TimerInit         timeserver.o
    0x08008802   0x08008802   0x00000002   PAD
    0x08008804   0x08008804   0x0000001c   Code   RO         9464    i.TimerInsertNewHeadTimer  timeserver.o
    0x08008820   0x08008820   0x00000078   Code   RO         9465    i.TimerIrqHandler   timeserver.o
    0x08008898   0x08008898   0x00000010   Code   RO         9466    i.TimerReset        timeserver.o
    0x080088a8   0x080088a8   0x0000002c   Code   RO         9467    i.TimerSetTimeout   timeserver.o
    0x080088d4   0x080088d4   0x00000022   Code   RO         9468    i.TimerSetValue     timeserver.o
    0x080088f6   0x080088f6   0x00000002   PAD
    0x080088f8   0x080088f8   0x00000070   Code   RO         9469    i.TimerStart        timeserver.o
    0x08008968   0x08008968   0x00000060   Code   RO         9470    i.TimerStop         timeserver.o
    0x080089c8   0x080089c8   0x000000ca   Code   RO         3178    i.UART_AdvFeatureConfig  stm32l0xx_hal_uart.o
    0x08008a92   0x08008a92   0x00000002   PAD
    0x08008a94   0x08008a94   0x00000060   Code   RO         3179    i.UART_CheckIdleState  stm32l0xx_hal_uart.o
    0x08008af4   0x08008af4   0x00000230   Code   RO         3193    i.UART_SetConfig    stm32l0xx_hal_uart.o
    0x08008d24   0x08008d24   0x00000062   Code   RO         3195    i.UART_WaitOnFlagUntilTimeout  stm32l0xx_hal_uart.o
    0x08008d86   0x08008d86   0x00000008   Code   RO         6766    i.USART2_IRQHandler  mlm32l0xx_it.o
    0x08008d8e   0x08008d8e   0x0000001a   Code   RO         9702    i.VL53L1X_BootState  vl53l1x_api.o
    0x08008da8   0x08008da8   0x00000020   Code   RO         6388    i.VL53L1X_Callback  main.o
    0x08008dc8   0x08008dc8   0x00000034   Code   RO         9703    i.VL53L1X_CheckForDataReady  vl53l1x_api.o
    0x08008dfc   0x08008dfc   0x0000000c   Code   RO         9704    i.VL53L1X_ClearInterrupt  vl53l1x_api.o
    0x08008e08   0x08008e08   0x00000014   Code   RO         9707    i.VL53L1X_GetDistance  vl53l1x_api.o
    0x08008e1c   0x08008e1c   0x00000028   Code   RO         9708    i.VL53L1X_GetDistanceMode  vl53l1x_api.o
    0x08008e44   0x08008e44   0x00000026   Code   RO         9713    i.VL53L1X_GetInterruptPolarity  vl53l1x_api.o
    0x08008e6a   0x08008e6a   0x00000002   PAD
    0x08008e6c   0x08008e6c   0x0000002c   Code   RO         9717    i.VL53L1X_GetRangeStatus  vl53l1x_api.o
    0x08008e98   0x08008e98   0x00000088   Code   RO         9726    i.VL53L1X_GetTimingBudgetInMs  vl53l1x_api.o
    0x08008f20   0x08008f20   0x00000060   Code   RO         9728    i.VL53L1X_SensorInit  vl53l1x_api.o
    0x08008f80   0x08008f80   0x000000ac   Code   RO         9729    i.VL53L1X_SetDistanceMode  vl53l1x_api.o
    0x0800902c   0x0800902c   0x00000044   Code   RO         9732    i.VL53L1X_SetInterMeasurementInMs  vl53l1x_api.o
    0x08009070   0x08009070   0x0000002e   Code   RO         9733    i.VL53L1X_SetInterruptPolarity  vl53l1x_api.o
    0x0800909e   0x0800909e   0x0000004e   Code   RO         9735    i.VL53L1X_SetROI    vl53l1x_api.o
    0x080090ec   0x080090ec   0x0000000c   Code   RO         9736    i.VL53L1X_SetROICenter  vl53l1x_api.o
    0x080090f8   0x080090f8   0x00000134   Code   RO         9739    i.VL53L1X_SetTimingBudgetInMs  vl53l1x_api.o
    0x0800922c   0x0800922c   0x0000000c   Code   RO         9741    i.VL53L1X_StartRanging  vl53l1x_api.o
    0x08009238   0x08009238   0x0000000c   Code   RO         9743    i.VL53L1X_StopRanging  vl53l1x_api.o
    0x08009244   0x08009244   0x0000003c   Code   RO         6857    i.VL53L1_RdByte     vl53l1_platform.o
    0x08009280   0x08009280   0x00000044   Code   RO         6859    i.VL53L1_RdWord     vl53l1_platform.o
    0x080092c4   0x080092c4   0x0000002c   Code   RO         6865    i.VL53L1_WrByte     vl53l1_platform.o
    0x080092f0   0x080092f0   0x00000034   Code   RO         6866    i.VL53L1_WrDWord    vl53l1_platform.o
    0x08009324   0x08009324   0x0000002c   Code   RO         6867    i.VL53L1_WrWord     vl53l1_platform.o
    0x08009350   0x08009350   0x00000048   Code   RO         7145    i.ValidatePayloadLength  loramac.o
    0x08009398   0x08009398   0x00000098   Code   RO         8523    i.VerifyTxFreq      regioneu868.o
    0x08009430   0x08009430   0x00000020   Code   RO         6869    i._I2CRead          vl53l1_platform.o
    0x08009450   0x08009450   0x00000034   Code   RO         6870    i._I2CWrite         vl53l1_platform.o
    0x08009484   0x08009484   0x00000024   Code   RO        10260    i.__0vsprintf       mc_p.l(printfa.o)
    0x080094a8   0x080094a8   0x0000002e   Code   RO        10350    i.__ARM_clz         mf_p.l(depilogue.o)
    0x080094d6   0x080094d6   0x00000030   Code   RO         6318    i.__ARM_common_ll_muluu  hw_rtc.o
    0x08009506   0x08009506   0x0000001a   Code   RO          434    i.__ARM_common_switch8  hts221_driver_hl.o
    0x08009520   0x08009520   0x0000000e   Code   RO        10364    i.__scatterload_copy  mc_p.l(handlers.o)
    0x0800952e   0x0800952e   0x00000002   Code   RO        10365    i.__scatterload_null  mc_p.l(handlers.o)
    0x08009530   0x08009530   0x0000000e   Code   RO        10366    i.__scatterload_zeroinit  mc_p.l(handlers.o)
    0x0800953e   0x0800953e   0x00000002   PAD
    0x08009540   0x08009540   0x00000174   Code   RO        10261    i._fp_digits        mc_p.l(printfa.o)
    0x080096b4   0x080096b4   0x000006ec   Code   RO        10262    i._printf_core      mc_p.l(printfa.o)
    0x08009da0   0x08009da0   0x00000020   Code   RO        10263    i._printf_post_padding  mc_p.l(printfa.o)
    0x08009dc0   0x08009dc0   0x0000002c   Code   RO        10264    i._printf_pre_padding  mc_p.l(printfa.o)
    0x08009dec   0x08009dec   0x0000000a   Code   RO        10266    i._sputc            mc_p.l(printfa.o)
    0x08009df6   0x08009df6   0x00000054   Code   RO         9612    i.aes_encrypt       aes.o
    0x08009e4a   0x08009e4a   0x00000002   PAD
    0x08009e4c   0x08009e4c   0x000000fc   Code   RO         9613    i.aes_set_key       aes.o
    0x08009f48   0x08009f48   0x000000c8   Code   RO         9997    i.ceil              m_ps.l(ceil.o)
    0x0800a010   0x0800a010   0x00000010   Code   RO         7057    i.certif_DownLinkIncrement  lora-test.o
    0x0800a020   0x0800a020   0x00000014   Code   RO         7058    i.certif_linkCheck  lora-test.o
    0x0800a034   0x0800a034   0x0000000c   Code   RO         7059    i.certif_running    lora-test.o
    0x0800a040   0x0800a040   0x00000194   Code   RO         7060    i.certif_rx         lora-test.o
    0x0800a1d4   0x0800a1d4   0x000000a4   Code   RO         7061    i.certif_tx         lora-test.o
    0x0800a278   0x0800a278   0x00000084   Code   RO         9614    i.copy_and_key      aes.o
    0x0800a2fc   0x0800a2fc   0x00000042   Code   RO         9615    i.copy_block        aes.o
    0x0800a33e   0x0800a33e   0x00000002   PAD
    0x0800a340   0x0800a340   0x000000c8   Code   RO        10001    i.floor             m_ps.l(floor.o)
    0x0800a408   0x0800a408   0x00000214   Code   RO         6389    i.main              main.o
    0x0800a61c   0x0800a61c   0x00000016   Code   RO         9549    i.memcpy1           utilities.o
    0x0800a632   0x0800a632   0x0000001a   Code   RO         9550    i.memcpyr           utilities.o
    0x0800a64c   0x0800a64c   0x00000012   Code   RO         9551    i.memset1           utilities.o
    0x0800a65e   0x0800a65e   0x00000002   PAD
    0x0800a660   0x0800a660   0x00000218   Code   RO         9616    i.mix_sub_columns   aes.o
    0x0800a878   0x0800a878   0x0000002c   Code   RO         9552    i.rand1             utilities.o
    0x0800a8a4   0x0800a8a4   0x00000016   Code   RO         9553    i.randr             utilities.o
    0x0800a8ba   0x0800a8ba   0x00000002   PAD
    0x0800a8bc   0x0800a8bc   0x0000009c   Code   RO        10004    i.round             m_ps.l(round.o)
    0x0800a958   0x0800a958   0x00000068   Code   RO         9617    i.shift_sub_rows    aes.o
    0x0800a9c0   0x0800a9c0   0x0000000c   Code   RO         9554    i.srand1            utilities.o
    0x0800a9cc   0x0800a9cc   0x00000044   Code   RO         6506    i.vcom_Init         vcom.o
    0x0800aa10   0x0800aa10   0x0000005c   Code   RO         6508    i.vcom_IoInit       vcom.o
    0x0800aa6c   0x0800aa6c   0x00000054   Code   RO         6509    i.vcom_Print        vcom.o
    0x0800aac0   0x0800aac0   0x0000007c   Code   RO         6510    i.vcom_Send         vcom.o
    0x0800ab3c   0x0800ab3c   0x00000082   Code   RO         9618    i.xor_block         aes.o
    0x0800abbe   0x0800abbe   0x00000002   PAD
    0x0800abc0   0x0800abc0   0x000000e0   Data   RO         1749    .constdata          sx1276.o
    0x0800aca0   0x0800aca0   0x00000074   Data   RO         2729    .constdata          mlm32l07x01.o
    0x0800ad14   0x0800ad14   0x0000000c   Data   RO         2814    .constdata          b-l072z-lrwan1.o
    0x0800ad20   0x0800ad20   0x00000019   Data   RO         2872    .constdata          system_stm32l0xx.o
    0x0800ad39   0x0800ad39   0x00000008   Data   RO         2873    .constdata          system_stm32l0xx.o
    0x0800ad41   0x0800ad41   0x00000018   Data   RO         6228    .constdata          hw_rtc.o
    0x0800ad59   0x0800ad59   0x00000003   PAD
    0x0800ad5c   0x0800ad5c   0x00000008   Data   RO         6393    .constdata          main.o
    0x0800ad64   0x0800ad64   0x00000010   Data   RO         7147    .constdata          loramac.o
    0x0800ad74   0x0800ad74   0x0000005c   Data   RO         8525    .constdata          regioneu868.o
    0x0800add0   0x0800add0   0x00000300   Data   RO         9619    .constdata          aes.o
    0x0800b0d0   0x0800b0d0   0x00000073   Data   RO         9744    .constdata          vl53l1x_api.o
    0x0800b143   0x0800b143   0x00000001   PAD
    0x0800b144   0x0800b144   0x00000020   Data   RO        10362    Region$$Table       anon$$obj.o


    Execution Region RW_IRAM1 (Exec base: 0x20000000, Load base: 0x0800b164, Size: 0x000013e8, Max: 0x00005000, ABSOLUTE, COMPRESSED[0x00000098])

    Exec Addr    Load Addr    Size         Type   Attr      Idx    E Section Name        Object

    0x20000000   COMPRESSED   0x00000020   Data   RW         1750    .data               sx1276.o
    0x20000020   COMPRESSED   0x00000018   Data   RW         2730    .data               mlm32l07x01.o
    0x20000038   COMPRESSED   0x00000014   Data   RW         2815    .data               b-l072z-lrwan1.o
    0x2000004c   COMPRESSED   0x00000004   Data   RW         2874    .data               system_stm32l0xx.o
    0x20000050   COMPRESSED   0x00000004   Data   RW         3912    .data               stm32l0xx_hal.o
    0x20000054   COMPRESSED   0x00000004   Data   RW         6229    .data               hw_rtc.o
    0x20000058   COMPRESSED   0x00000048   Data   RW         6394    .data               main.o
    0x200000a0   COMPRESSED   0x00000004   Data   RW         6513    .data               vcom.o
    0x200000a4   COMPRESSED   0x00000002   Data   RW         6668    .data               mlm32l0xx_hw.o
    0x200000a6   COMPRESSED   0x00000002   PAD
    0x200000a8   COMPRESSED   0x0000002c   Data   RW         6988    .data               lora.o
    0x200000d4   COMPRESSED   0x00000002   Data   RW         7063    .data               lora-test.o
    0x200000d6   COMPRESSED   0x00000002   PAD
    0x200000d8   COMPRESSED   0x00000068   Data   RW         7148    .data               loramac.o
    0x20000140   COMPRESSED   0x00000020   Data   RW         7356    .data               loramaccrypto.o
    0x20000160   COMPRESSED   0x00000054   Data   RW         8526    .data               regioneu868.o
    0x200001b4   COMPRESSED   0x00000008   Data   RW         9395    .data               low_power_manager.o
    0x200001bc   COMPRESSED   0x00000004   Data   RW         9471    .data               timeserver.o
    0x200001c0   COMPRESSED   0x00000004   Data   RW         9555    .data               utilities.o
    0x200001c4        -       0x000001a4   Zero   RW         1748    .bss                sx1276.o
    0x20000368        -       0x00000040   Zero   RW         6165    .bss                hw_gpio.o
    0x200003a8        -       0x00000068   Zero   RW         6227    .bss                hw_rtc.o
    0x20000410        -       0x00000058   Zero   RW         6337    .bss                hw_spi.o
    0x20000468        -       0x00000084   Zero   RW         6390    .bss                main.o
    0x200004ec        -       0x00000040   Zero   RW         6392    .bss                main.o
    0x2000052c        -       0x00000170   Zero   RW         6512    .bss                vcom.o
    0x2000069c        -       0x00000060   Zero   RW         6667    .bss                mlm32l0xx_hw.o
    0x200006fc        -       0x00000100   Zero   RW         6871    .bss                vl53l1_platform.o
    0x200007fc        -       0x0000002c   Zero   RW         6987    .bss                lora.o
    0x20000828        -       0x0000005e   Zero   RW         7062    .bss                lora-test.o
    0x20000886   COMPRESSED   0x00000002   PAD
    0x20000888        -       0x00000470   Zero   RW         7146    .bss                loramac.o
    0x20000cf8        -       0x0000022c   Zero   RW         7355    .bss                loramaccrypto.o
    0x20000f24        -       0x000000c0   Zero   RW         8524    .bss                regioneu868.o
    0x20000fe4   COMPRESSED   0x00000004   PAD
    0x20000fe8        -       0x00000400   Zero   RW         6092    STACK               startup_stm32l072xx.o


==============================================================================

Image component sizes


      Code (inc. data)   RO Data    RW Data    ZI Data      Debug   Object Name

      1304         12        768          0          0      15020   aes.o
       164         32         12         20          0       3776   b-l072z-lrwan1.o
         2          0          0          0          0        514   bsp.o
       554          0          0          0          0       4805   cmac.o
       130          8          0          0          0       1587   debug.o
         8          0          0          0          0       1258   delay.o
         0          0          0          0          0       4508   hts221_driver.o
        26          0          0          0          0         72   hts221_driver_hl.o
       234         26          0          0         64       4313   hw_gpio.o
       982        108         24          4        104      13473   hw_rtc.o
       260         28          0          0         88       2901   hw_spi.o
       624         52          0          2         94       6347   lora-test.o
       690         96          0         44         44       8274   lora.o
      7436        536         16        104       1136      50055   loramac.o
       604         42          0         32        556       8419   loramaccrypto.o
       120         16          0          8          0       3229   low_power_manager.o
      1320        300          8         72        196      29949   main.o
       656         54        116         24          0      14297   mlm32l07x01.o
       322         30          0          0          0       5658   mlm32l0xx_hal_msp.o
       888        134          0          2         96       7700   mlm32l0xx_hw.o
       158          0          0          0          0       5564   mlm32l0xx_it.o
       426          0          0          0          0      26201   region.o
         0          0          0          0          0       1372   regionas923.o
      1036         22          0          0          0      15830   regioncommon.o
      2654        288         92         84        192      28976   regioneu868.o
        28          8        192          0       1024        712   startup_stm32l072xx.o
       108         30          0          4          0       5209   stm32l0xx_hal.o
      1026         36          0          0          0       7780   stm32l0xx_hal_adc.o
       170          0          0          0          0       1758   stm32l0xx_hal_adc_ex.o
       136         26          0          0          0      12052   stm32l0xx_hal_cortex.o
       424         38          0          0          0       3559   stm32l0xx_hal_gpio.o
      1272         40          0          0          0      11978   stm32l0xx_hal_i2c.o
       146          0          0          0          0       2359   stm32l0xx_hal_i2c_ex.o
        16          4          0          0          0        641   stm32l0xx_hal_pwr.o
        32          8          0          0          0       1337   stm32l0xx_hal_pwr_ex.o
      1772        114          0          0          0       7652   stm32l0xx_hal_rcc.o
       844         56          0          0          0       3765   stm32l0xx_hal_rcc_ex.o
      1514         26          0          0          0      11092   stm32l0xx_hal_rtc.o
        60          0          0          0          0       1411   stm32l0xx_hal_rtc_ex.o
      1008          0          0          0          0       4931   stm32l0xx_hal_spi.o
      1264         80          0          0          0       7489   stm32l0xx_hal_uart.o
      5368        356        224         32        420     448819   sx1276.o
        84         18         33          4          0       1887   system_stm32l0xx.o
       500         16          0          4          0       9640   timeserver.o
       144         24          0          4          0       5283   utilities.o
       392         42          0          4        368       6751   vcom.o
       352         40          0          0        256       7187   vl53l1_platform.o
      1172         48        115          0          0      15122   vl53l1x_api.o

    ----------------------------------------------------------------------
     38484       2794       1636        452       4644     842512   Object Totals
         0          0         32          0          0          0   (incl. Generated)
        54          0          4          4          6          0   (incl. Padding)

    ----------------------------------------------------------------------

      Code (inc. data)   RO Data    RW Data    ZI Data      Debug   Library Member Name

       200         20          0          0          0         76   ceil.o
       200         20          0          0          0         76   floor.o
       156         14          0          0          0         84   round.o
        86          0          0          0          0          0   __dczerorl2.o
         0          0          0          0          0          0   entry.o
         0          0          0          0          0          0   entry10a.o
         0          0          0          0          0          0   entry11a.o
         8          4          0          0          0          0   entry2.o
         4          0          0          0          0          0   entry5.o
         0          0          0          0          0          0   entry7b.o
         0          0          0          0          0          0   entry8b.o
         8          4          0          0          0          0   entry9a.o
        30          0          0          0          0          0   handlers.o
        40          0          0          0          0         72   idiv.o
        36          8          0          0          0         68   init.o
         0          0          0          0          0          0   iusefp.o
        32          0          0          0          0         68   llshl.o
        38          0          0          0          0         68   llsshr.o
        34          0          0          0          0         68   llushr.o
        36          0          0          0          0         60   memcpya.o
        36          0          0          0          0        100   memseta.o
      2266         96          0          0          0        460   printfa.o
        44          0          0          0          0         72   uidiv.o
        96          0          0          0          0         84   uldiv.o
        20          0          0          0          0         60   uread4.o
        40          2          0          0          0         68   cdcmple.o
        40          2          0          0          0         68   cdrcmple.o
       356          4          0          0          0        140   dadd.o
       240          6          0          0          0         84   ddiv.o
       236          0          0          0          0        216   depilogue.o
        72         10          0          0          0         72   dfixi.o
        60         10          0          0          0         68   dfixui.o
        64         10          0          0          0         68   dfixul.o
        40          6          0          0          0         68   dflti.o
        28          4          0          0          0         68   dfltui.o
       208          6          0          0          0         88   dmul.o
       124         10          0          0          0         76   drnd.o
        44          0          0          0          0         72   dscalb.o
        40          0          0          0          0         60   f2d.o
       178          0          0          0          0        108   fadd.o
       130          0          0          0          0        144   fepilogue.o
        14          0          0          0          0         68   ffltui.o

    ----------------------------------------------------------------------
      5292        236          0          0          0       2952   Library Totals
         8          0          0          0          0          0   (incl. Padding)

    ----------------------------------------------------------------------

      Code (inc. data)   RO Data    RW Data    ZI Data      Debug   Library Name

       556         54          0          0          0        236   m_ps.l
      2814        112          0          0          0       1180   mc_p.l
      1914         70          0          0          0       1536   mf_p.l

    ----------------------------------------------------------------------
      5292        236          0          0          0       2952   Library Totals

    ----------------------------------------------------------------------

==============================================================================


      Code (inc. data)   RO Data    RW Data    ZI Data      Debug   

     43776       3030       1636        452       4644     828424   Grand Totals
     43776       3030       1636        152       4644     828424   ELF Image Totals (compressed)
     43776       3030       1636        152          0          0   ROM Totals

==============================================================================

    Total RO  Size (Code + RO Data)                45412 (  44.35kB)
    Total RW  Size (RW Data + ZI Data)              5096 (   4.98kB)
    Total ROM Size (Code + RO Data + RW Data)      45564 (  44.50kB)

==============================================================================

